
> store@0.1.0 dev
> next dev --port 3000 --port 3000

▲ Next.js 16.2.0 (Turbopack)
- Local:         http://localhost:3000
- Network:       http://192.168.1.106:3000
- Environments: .env
✓ Ready in 847ms
⚠ Warning: Next.js inferred your workspace root, but it may not be correct.
 We detected multiple lockfiles and selected the directory of /home/haneen/package-lock.json as the root directory.
 To silence this warning, set `turbopack.root` in your Next.js config, or consider removing one of the lockfiles if it's not needed.
   See https://nextjs.org/docs/app/api-reference/config/next-config-js/turbopack#root-directory for more information.
 Detected additional lockfiles: 
   * /home/haneen/project/Manikan_Grade/monorepo/package-lock.json


 GET / 200 in 2.6s (next.js: 795ms, application-code: 1760ms)
 GET /store 200 in 2.6s (next.js: 1206ms, application-code: 1387ms)
 GET /api/cart 200 in 1767ms (next.js: 1537ms, application-code: 230ms)
 GET /api/wishlist 200 in 1779ms (next.js: 1673ms, application-code: 106ms)
 GET /api/wishlist 200 in 288ms (next.js: 94ms, application-code: 194ms)
 GET /api/cart 200 in 286ms (next.js: 101ms, application-code: 185ms)
 GET /api/wishlist 200 in 281ms (next.js: 250ms, application-code: 30ms)
 GET /api/cart 200 in 36ms (next.js: 17ms, application-code: 19ms)
 GET /api/wishlist 200 in 22ms (next.js: 6ms, application-code: 16ms)
 GET /api/cart 200 in 35ms (next.js: 16ms, application-code: 18ms)
 GET /api/products?limit=4 200 in 2.6s (next.js: 821ms, application-code: 1736ms)
 GET /api/categories 200 in 710ms (next.js: 221ms, application-code: 488ms)
 GET /api/products?page=1 200 in 791ms (next.js: 65ms, application-code: 726ms)
 GET /api/products?page=1&limit=12&sort=newest 200 in 768ms (next.js: 235ms, application-code: 533ms)
 GET /api/products?page=1 200 in 796ms (next.js: 115ms, application-code: 681ms)
 GET /api/products?page=2 200 in 192ms (next.js: 8ms, application-code: 184ms)
 GET /api/products?page=2 200 in 177ms (next.js: 11ms, application-code: 166ms)
 GET /api/products?page=3 200 in 186ms (next.js: 12ms, application-code: 175ms)
 GET /api/products?page=3 200 in 213ms (next.js: 23ms, application-code: 191ms)
 GET /api/products?page=4 200 in 190ms (next.js: 15ms, application-code: 175ms)
 GET /api/products?page=5 200 in 180ms (next.js: 7ms, application-code: 173ms)
 GET /api/products?page=4 200 in 188ms (next.js: 17ms, application-code: 172ms)
 GET /api/products?page=6 200 in 173ms (next.js: 3ms, application-code: 170ms)
 GET /api/products?page=5 200 in 191ms (next.js: 9ms, application-code: 182ms)
 GET /api/products?page=7 200 in 179ms (next.js: 12ms, application-code: 167ms)
 GET /api/products?page=6 200 in 196ms (next.js: 6ms, application-code: 191ms)
 GET /api/products?page=8 200 in 176ms (next.js: 7ms, application-code: 169ms)
 GET /api/products?page=7 200 in 165ms (next.js: 4ms, application-code: 160ms)
 GET /api/products?page=9 200 in 172ms (next.js: 4ms, application-code: 168ms)
 GET /api/products?page=8 200 in 217ms (next.js: 5ms, application-code: 212ms)
 GET /api/products?page=10 200 in 209ms (next.js: 13ms, application-code: 196ms)
 GET /api/products?page=9 200 in 166ms (next.js: 4ms, application-code: 162ms)
 GET /api/products?page=11 200 in 394ms (next.js: 4ms, application-code: 390ms)
 GET / 200 in 306ms (next.js: 8ms, application-code: 298ms)
 GET /api/products?page=10 200 in 358ms (next.js: 91ms, application-code: 267ms)
 GET /api/products?page=11 200 in 161ms (next.js: 7ms, application-code: 154ms)
 POST /api/widget/recommend 200 in 2.0s (next.js: 97ms, application-code: 1949ms)
 POST /api/widget/recommend 200 in 844ms (next.js: 6ms, application-code: 838ms)
 POST /api/widget/recommend 200 in 921ms (next.js: 4ms, application-code: 917ms)
 POST /api/widget/recommend 200 in 813ms (next.js: 5ms, application-code: 807ms)
 POST /api/widget/recommend 200 in 1091ms (next.js: 80ms, application-code: 1011ms)
 POST /api/widget/recommend 200 in 804ms (next.js: 4ms, application-code: 800ms)
 POST /api/widget/recommend 200 in 3.1s (next.js: 7ms, application-code: 3.1s)
 POST /api/widget/recommend 200 in 1884ms (next.js: 8ms, application-code: 1876ms)
 GET / 200 in 392ms (next.js: 17ms, application-code: 375ms)
 GET / 200 in 145ms (next.js: 5ms, application-code: 140ms)
[browser] Image with src "/products/pants-female-indigo.png" was detected as the Largest Contentful Paint (LCP). Please add the `loading="eager"` property if this image is above the fold.
Read more: https://nextjs.org/docs/app/api-reference/components/image#loading
 GET /store 200 in 174ms (next.js: 6ms, application-code: 168ms)
 GET /api/wishlist 200 in 59ms (next.js: 20ms, application-code: 39ms)
 GET /api/cart 200 in 64ms (next.js: 41ms, application-code: 23ms)
 GET /api/wishlist 200 in 80ms (next.js: 14ms, application-code: 67ms)
 GET /api/cart 200 in 80ms (next.js: 33ms, application-code: 47ms)
 GET /api/categories 200 in 470ms (next.js: 19ms, application-code: 451ms)
 GET /api/products?page=1&limit=12&sort=newest 200 in 500ms (next.js: 12ms, application-code: 488ms)
 GET /api/products?page=1 200 in 985ms (next.js: 20ms, application-code: 965ms)
 GET /api/products?page=2 200 in 193ms (next.js: 12ms, application-code: 182ms)
 GET /api/products?page=3 200 in 169ms (next.js: 6ms, application-code: 163ms)
 GET /api/products?page=4 200 in 166ms (next.js: 7ms, application-code: 159ms)
 GET /api/products?page=5 200 in 162ms (next.js: 5ms, application-code: 158ms)
 GET /api/products?page=6 200 in 166ms (next.js: 9ms, application-code: 157ms)
 GET /api/products?page=7 200 in 160ms (next.js: 4ms, application-code: 156ms)
 GET /api/products?page=8 200 in 157ms (next.js: 4ms, application-code: 154ms)
 GET /api/products?page=9 200 in 157ms (next.js: 3ms, application-code: 154ms)
 GET /api/products?page=10 200 in 167ms (next.js: 4ms, application-code: 162ms)
 GET /api/products?page=11 200 in 160ms (next.js: 6ms, application-code: 155ms)
[browser] Image with src "/products/pants-female-indigo.png" was detected as the Largest Contentful Paint (LCP). Please add the `loading="eager"` property if this image is above the fold.
Read more: https://nextjs.org/docs/app/api-reference/components/image#loading
 POST /api/widget/recommend 200 in 2.3s (next.js: 6ms, application-code: 2.3s)
 POST /api/widget/recommend 200 in 1996ms (next.js: 4ms, application-code: 1992ms)
 GET /store 200 in 221ms (next.js: 14ms, application-code: 207ms)
 GET /api/wishlist 200 in 39ms (next.js: 27ms, application-code: 12ms)
 GET /api/cart 200 in 18ms (next.js: 6ms, application-code: 12ms)
 GET /api/wishlist 200 in 21ms (next.js: 15ms, application-code: 6ms)
 GET /api/cart 200 in 15ms (next.js: 5ms, application-code: 10ms)
 GET /api/categories 200 in 469ms (next.js: 4ms, application-code: 466ms)
 GET /api/products?page=1&limit=12&sort=newest 200 in 549ms (next.js: 5ms, application-code: 544ms)
 GET /api/products?page=1 200 in 810ms (next.js: 7ms, application-code: 804ms)
 GET /api/products?page=2 200 in 166ms (next.js: 17ms, application-code: 149ms)
 GET /api/products?page=3 200 in 165ms (next.js: 8ms, application-code: 158ms)
 GET /api/products?page=4 200 in 182ms (next.js: 12ms, application-code: 170ms)
 GET /api/products?page=5 200 in 152ms (next.js: 5ms, application-code: 147ms)
 GET /api/products?page=6 200 in 159ms (next.js: 5ms, application-code: 154ms)
 GET /api/products?page=7 200 in 421ms (next.js: 5ms, application-code: 416ms)
 GET /api/products?page=8 200 in 155ms (next.js: 4ms, application-code: 151ms)
 GET /api/products?page=9 200 in 156ms (next.js: 5ms, application-code: 151ms)
 GET /api/products?page=10 200 in 152ms (next.js: 4ms, application-code: 148ms)
 GET /api/products?page=11 200 in 151ms (next.js: 5ms, application-code: 147ms)
 POST /api/widget/recommend 200 in 1932ms (next.js: 5ms, application-code: 1927ms)
 POST /api/widget/recommend 200 in 2.7s (next.js: 3ms, application-code: 2.7s)
 POST /api/widget/recommend 200 in 20.3s (next.js: 6ms, application-code: 20.3s)
 GET /store 200 in 256ms (next.js: 11ms, application-code: 245ms)
 GET /api/wishlist 200 in 34ms (next.js: 18ms, application-code: 16ms)
 GET /api/cart 200 in 35ms (next.js: 25ms, application-code: 10ms)
 GET /api/wishlist 200 in 22ms (next.js: 5ms, application-code: 17ms)
 GET /api/cart 200 in 24ms (next.js: 12ms, application-code: 11ms)
 GET /api/categories 200 in 517ms (next.js: 4ms, application-code: 512ms)
 GET /api/products?page=1 200 in 609ms (next.js: 6ms, application-code: 603ms)
 GET /api/products?page=2 200 in 167ms (next.js: 6ms, application-code: 161ms)
 GET /api/products?page=3 200 in 165ms (next.js: 4ms, application-code: 161ms)
 GET /api/products?page=1&limit=12&sort=newest 200 in 985ms (next.js: 4ms, application-code: 980ms)
 GET /api/products?page=4 200 in 194ms (next.js: 11ms, application-code: 183ms)
 GET /api/products?page=5 200 in 182ms (next.js: 11ms, application-code: 171ms)
 GET /api/products?page=6 200 in 169ms (next.js: 3ms, application-code: 165ms)
 GET /api/products?page=7 200 in 171ms (next.js: 5ms, application-code: 166ms)
 GET /api/products?page=8 200 in 171ms (next.js: 7ms, application-code: 164ms)
 GET /api/products?page=9 200 in 169ms (next.js: 9ms, application-code: 160ms)
 GET /api/products?page=10 200 in 162ms (next.js: 8ms, application-code: 155ms)
 GET /api/products?page=11 200 in 151ms (next.js: 3ms, application-code: 148ms)
 POST /api/widget/recommend 200 in 3.1s (next.js: 3ms, application-code: 3.1s)
 POST /api/widget/recommend 200 in 2.3s (next.js: 4ms, application-code: 2.3s)
 POST /api/widget/recommend 200 in 9.1s (next.js: 4ms, application-code: 9.1s)
 POST /api/widget/recommend 200 in 23.0s (next.js: 6ms, application-code: 23.0s)
 GET /api/products?category=jacket 200 in 563ms (next.js: 9ms, application-code: 555ms)
 POST /api/widget/recommend 200 in 18.8s (next.js: 5ms, application-code: 18.8s)
 GET /store/casual-chore-jacket-p093?open_sizing=true 200 in 1017ms (next.js: 856ms, application-code: 160ms)
 GET /api/wishlist 200 in 32ms (next.js: 8ms, application-code: 24ms)
 GET /api/cart 200 in 34ms (next.js: 16ms, application-code: 18ms)
 GET /api/wishlist 200 in 379ms (next.js: 366ms, application-code: 13ms)
 GET /api/cart 200 in 398ms (next.js: 373ms, application-code: 26ms)
 GET /api/products?page=1 200 in 492ms (next.js: 11ms, application-code: 481ms)
 GET /api/products?page=2 200 in 172ms (next.js: 9ms, application-code: 164ms)
 GET /api/products?page=3 200 in 162ms (next.js: 5ms, application-code: 157ms)
 GET /api/products?page=4 200 in 158ms (next.js: 4ms, application-code: 154ms)
 GET /api/products?page=5 200 in 163ms (next.js: 6ms, application-code: 158ms)
 GET /api/products?page=6 200 in 165ms (next.js: 4ms, application-code: 161ms)
 GET /api/products?page=7 200 in 163ms (next.js: 4ms, application-code: 159ms)
 GET /api/products?page=8 200 in 200ms (next.js: 6ms, application-code: 194ms)
 GET /api/products?page=9 200 in 161ms (next.js: 3ms, application-code: 157ms)
 GET /api/products?page=10 200 in 157ms (next.js: 4ms, application-code: 154ms)
 GET /api/products?page=11 200 in 158ms (next.js: 4ms, application-code: 154ms)
 GET /api/products/casual-chore-jacket-p093/reviews 200 in 2.4s (next.js: 1644ms, application-code: 805ms)
 GET /api/products/casual-chore-jacket-p093 200 in 2.5s (next.js: 1608ms, application-code: 925ms)
 POST /api/widget/recommend 200 in 910ms (next.js: 9ms, application-code: 901ms)
 POST /api/widget/recommend 200 in 500ms (next.js: 4ms, application-code: 495ms)
 POST /api/measurement-sessions 400 in 119ms (next.js: 98ms, application-code: 21ms)
 POST /api/widget/recommend 200 in 548ms (next.js: 5ms, application-code: 543ms)
 POST /api/widget/recommend 200 in 865ms (next.js: 3ms, application-code: 862ms)
 POST /api/widget/recommend 200 in 803ms (next.js: 4ms, application-code: 799ms)
 POST /api/widget/recommend 200 in 897ms (next.js: 3ms, application-code: 894ms)
 POST /api/widget/recommend 200 in 886ms (next.js: 3ms, application-code: 883ms)
 POST /api/widget/recommend 200 in 864ms (next.js: 4ms, application-code: 860ms)
 POST /api/widget/recommend 200 in 894ms (next.js: 3ms, application-code: 891ms)
 GET /store 200 in 193ms (next.js: 5ms, application-code: 188ms)
 GET /api/wishlist 200 in 19ms (next.js: 6ms, application-code: 13ms)
 GET /api/cart 200 in 21ms (next.js: 7ms, application-code: 14ms)
 GET /api/wishlist 200 in 35ms (next.js: 24ms, application-code: 11ms)
 GET /api/cart 200 in 20ms (next.js: 9ms, application-code: 11ms)
 GET /api/categories 200 in 465ms (next.js: 3ms, application-code: 462ms)
 GET /api/products?page=1&limit=12&sort=newest 200 in 486ms (next.js: 7ms, application-code: 479ms)
 GET /api/products?page=1 200 in 965ms (next.js: 12ms, application-code: 953ms)
 GET /api/products?page=2 200 in 210ms (next.js: 13ms, application-code: 196ms)
 GET /api/products?page=3 200 in 196ms (next.js: 25ms, application-code: 171ms)
 GET /api/products?page=4 200 in 187ms (next.js: 8ms, application-code: 179ms)
 GET /api/products?page=5 200 in 176ms (next.js: 4ms, application-code: 171ms)
[browser] Image with src "/products/pants-ivory-boucle-knit.png" was detected as the Largest Contentful Paint (LCP). Please add the `loading="eager"` property if this image is above the fold.
Read more: https://nextjs.org/docs/app/api-reference/components/image#loading
 GET /api/products?page=6 200 in 193ms (next.js: 17ms, application-code: 176ms)
 GET /api/products?page=7 200 in 179ms (next.js: 4ms, application-code: 175ms)
 GET /api/products?page=8 200 in 193ms (next.js: 22ms, application-code: 170ms)
 GET /api/products?page=9 200 in 252ms (next.js: 4ms, application-code: 248ms)
 GET /store/manikan-pants-007 200 in 174ms (next.js: 94ms, application-code: 80ms)
 GET /api/products?page=10 200 in 167ms (next.js: 5ms, application-code: 161ms)
 GET /api/products/manikan-pants-007 200 in 415ms (next.js: 102ms, application-code: 313ms)
 GET /api/products/manikan-pants-007 200 in 226ms (next.js: 7ms, application-code: 219ms)
 GET /api/products?page=11 200 in 560ms (next.js: 16ms, application-code: 544ms)
 GET /api/products/manikan-pants-007/reviews 200 in 623ms (next.js: 102ms, application-code: 521ms)
 GET /api/products/manikan-pants-007/reviews 200 in 235ms (next.js: 5ms, application-code: 230ms)
 POST /api/widget/recommend 200 in 3.3s (next.js: 4ms, application-code: 3.3s)
 GET /store/manikan-pants-007 200 in 250ms (next.js: 86ms, application-code: 164ms)
 GET /api/wishlist 200 in 23ms (next.js: 5ms, application-code: 18ms)
 GET /api/cart 200 in 28ms (next.js: 12ms, application-code: 16ms)
 GET /api/wishlist 200 in 44ms (next.js: 26ms, application-code: 18ms)
 GET /api/cart 200 in 46ms (next.js: 34ms, application-code: 12ms)
 GET /api/products?page=1 200 in 844ms (next.js: 13ms, application-code: 831ms)
 GET /api/products/manikan-pants-007/reviews 200 in 1004ms (next.js: 119ms, application-code: 885ms)
 GET /api/products/manikan-pants-007 200 in 1147ms (next.js: 78ms, application-code: 1069ms)
 GET /api/products?page=2 200 in 216ms (next.js: 21ms, application-code: 195ms)
 GET /api/products?page=3 200 in 195ms (next.js: 11ms, application-code: 184ms)
 GET /api/products?page=4 200 in 210ms (next.js: 10ms, application-code: 200ms)
 GET /api/products?page=5 200 in 183ms (next.js: 7ms, application-code: 176ms)
 GET /api/products?page=6 200 in 190ms (next.js: 5ms, application-code: 185ms)
 GET /api/products?page=7 200 in 187ms (next.js: 11ms, application-code: 176ms)
 GET /api/products?page=8 200 in 156ms (next.js: 6ms, application-code: 150ms)
 GET /api/products?page=9 200 in 158ms (next.js: 5ms, application-code: 153ms)
 GET /api/products?page=10 200 in 159ms (next.js: 4ms, application-code: 155ms)
 GET /api/products?page=11 200 in 156ms (next.js: 5ms, application-code: 151ms)
 GET /store 200 in 131ms (next.js: 6ms, application-code: 124ms)
 GET /api/wishlist 200 in 15ms (next.js: 6ms, application-code: 9ms)
 GET /api/cart 200 in 35ms (next.js: 16ms, application-code: 19ms)
 GET /api/wishlist 200 in 49ms (next.js: 28ms, application-code: 21ms)
 GET /api/cart 200 in 51ms (next.js: 37ms, application-code: 14ms)
 GET /api/categories 200 in 88ms (next.js: 6ms, application-code: 81ms)
 GET /api/products?page=1 200 in 166ms (next.js: 10ms, application-code: 156ms)
 GET /api/products?page=1&limit=12&sort=newest 200 in 174ms (next.js: 14ms, application-code: 160ms)
 GET /api/products?page=2 200 in 167ms (next.js: 6ms, application-code: 160ms)
 GET /api/products?page=3 200 in 204ms (next.js: 30ms, application-code: 174ms)
[browser] Image with src "/products/pants-ivory-boucle-knit.png" was detected as the Largest Contentful Paint (LCP). Please add the `loading="eager"` property if this image is above the fold.
Read more: https://nextjs.org/docs/app/api-reference/components/image#loading
 GET /api/products?page=4 200 in 162ms (next.js: 9ms, application-code: 154ms)
[browser] Image with src "/products/pants-chocolate-boucle-knit.png" was detected as the Largest Contentful Paint (LCP). Please add the `loading="eager"` property if this image is above the fold.
Read more: https://nextjs.org/docs/app/api-reference/components/image#loading
 GET /api/products?page=5 200 in 154ms (next.js: 3ms, application-code: 150ms)
 GET /api/products?page=6 200 in 170ms (next.js: 6ms, application-code: 163ms)
 GET /api/products?page=7 200 in 290ms (next.js: 5ms, application-code: 286ms)
 GET /store/manikan-pants-007 200 in 175ms (next.js: 91ms, application-code: 84ms)
 GET /api/products?page=8 200 in 194ms (next.js: 6ms, application-code: 188ms)
 GET /api/products/manikan-pants-007 200 in 485ms (next.js: 194ms, application-code: 290ms)
 GET /api/products/manikan-pants-007/reviews 200 in 327ms (next.js: 114ms, application-code: 214ms)
 GET /api/products/manikan-pants-007 200 in 235ms (next.js: 7ms, application-code: 227ms)
 GET /api/products/manikan-pants-007/reviews 200 in 234ms (next.js: 14ms, application-code: 220ms)
 GET /api/products?page=9 200 in 625ms (next.js: 124ms, application-code: 501ms)
 GET /api/products?page=10 200 in 166ms (next.js: 11ms, application-code: 155ms)
 GET /api/products?page=11 200 in 142ms (next.js: 4ms, application-code: 138ms)
 POST /api/widget/recommend 200 in 2.1s (next.js: 5ms, application-code: 2.1s)
 GET /store/manikan-pants-007 200 in 288ms (next.js: 101ms, application-code: 187ms)
 GET /api/wishlist 200 in 144ms (next.js: 6ms, application-code: 138ms)
 GET /api/cart 200 in 151ms (next.js: 13ms, application-code: 138ms)
 GET /api/wishlist 200 in 29ms (next.js: 19ms, application-code: 10ms)
 GET /api/cart 200 in 48ms (next.js: 34ms, application-code: 14ms)
 GET /api/products/manikan-pants-007/reviews 200 in 943ms (next.js: 97ms, application-code: 846ms)
 GET /api/products?page=1 200 in 887ms (next.js: 8ms, application-code: 879ms)
 GET /api/products/manikan-pants-007 200 in 1229ms (next.js: 104ms, application-code: 1125ms)
 GET /api/products?page=2 200 in 165ms (next.js: 6ms, application-code: 159ms)
 GET /api/products?page=3 200 in 237ms (next.js: 12ms, application-code: 225ms)
 GET /api/products?page=4 200 in 207ms (next.js: 23ms, application-code: 184ms)
 GET /api/products?page=5 200 in 184ms (next.js: 10ms, application-code: 174ms)
 GET /api/products?page=6 200 in 165ms (next.js: 3ms, application-code: 162ms)
 GET /api/products?page=7 200 in 180ms (next.js: 9ms, application-code: 171ms)
 GET /api/products?page=8 200 in 164ms (next.js: 6ms, application-code: 158ms)
 GET /api/products?page=9 200 in 172ms (next.js: 12ms, application-code: 159ms)
 GET /api/products?page=10 200 in 162ms (next.js: 5ms, application-code: 157ms)
 GET /api/products?page=11 200 in 166ms (next.js: 6ms, application-code: 160ms)
 POST /api/widget/recommend 200 in 2.4s (next.js: 4ms, application-code: 2.4s)
 GET /store/manikan-pants-007 200 in 254ms (next.js: 87ms, application-code: 166ms)
 GET /api/wishlist 200 in 275ms (next.js: 32ms, application-code: 243ms)
 GET /api/cart 200 in 265ms (next.js: 189ms, application-code: 76ms)
 GET /api/wishlist 200 in 40ms (next.js: 30ms, application-code: 11ms)
 GET /api/cart 200 in 83ms (next.js: 52ms, application-code: 31ms)
 GET /api/products?page=1 200 in 659ms (next.js: 17ms, application-code: 642ms)
 GET /api/products?page=2 200 in 208ms (next.js: 12ms, application-code: 196ms)
 GET /api/products/manikan-pants-007 200 in 1484ms (next.js: 143ms, application-code: 1341ms)
 GET /api/products/manikan-pants-007/reviews 200 in 1477ms (next.js: 434ms, application-code: 1044ms)
 GET /api/products?page=3 200 in 191ms (next.js: 23ms, application-code: 168ms)
 GET /api/products?page=4 200 in 208ms (next.js: 21ms, application-code: 187ms)
 GET /api/products?page=5 200 in 166ms (next.js: 4ms, application-code: 162ms)
 GET /api/products?page=6 200 in 174ms (next.js: 4ms, application-code: 170ms)
 GET /api/products?page=7 200 in 164ms (next.js: 4ms, application-code: 160ms)
 GET /api/products?page=8 200 in 163ms (next.js: 4ms, application-code: 159ms)
 GET /api/products?page=9 200 in 159ms (next.js: 4ms, application-code: 155ms)
 GET /api/products?page=10 200 in 163ms (next.js: 4ms, application-code: 159ms)
 GET /api/products?page=11 200 in 158ms (next.js: 4ms, application-code: 154ms)
 GET /store 200 in 127ms (next.js: 4ms, application-code: 123ms)
 GET /api/wishlist 200 in 56ms (next.js: 14ms, application-code: 42ms)
 GET /api/cart 200 in 70ms (next.js: 33ms, application-code: 37ms)
 GET /api/wishlist 200 in 51ms (next.js: 12ms, application-code: 39ms)
 GET /api/cart 200 in 58ms (next.js: 19ms, application-code: 39ms)
 GET /api/categories 200 in 567ms (next.js: 64ms, application-code: 503ms)
 GET /api/products?page=1 200 in 641ms (next.js: 12ms, application-code: 629ms)
 GET /api/products?page=2 200 in 178ms (next.js: 9ms, application-code: 169ms)
 GET /api/products?page=1&limit=12&sort=newest 200 in 992ms (next.js: 105ms, application-code: 887ms)
 GET /api/products?page=3 200 in 171ms (next.js: 6ms, application-code: 166ms)
 GET /api/products?page=4 200 in 166ms (next.js: 6ms, application-code: 160ms)
 GET /api/products?page=5 200 in 158ms (next.js: 5ms, application-code: 153ms)
 GET /api/products?page=6 200 in 160ms (next.js: 5ms, application-code: 155ms)
 GET /api/products?page=7 200 in 157ms (next.js: 4ms, application-code: 153ms)
 GET /api/products?page=8 200 in 158ms (next.js: 3ms, application-code: 155ms)
 GET /api/products?page=9 200 in 157ms (next.js: 4ms, application-code: 153ms)
 GET /api/products?page=10 200 in 159ms (next.js: 3ms, application-code: 156ms)
 GET /api/products?page=11 200 in 155ms (next.js: 4ms, application-code: 151ms)
[browser] Image with src "/products/pants-female-burgundy.png" was detected as the Largest Contentful Paint (LCP). Please add the `loading="eager"` property if this image is above the fold.
Read more: https://nextjs.org/docs/app/api-reference/components/image#loading
 GET /store/manikan-pants-f008 200 in 148ms (next.js: 78ms, application-code: 70ms)
 GET /api/products/manikan-pants-f008 200 in 459ms (next.js: 98ms, application-code: 361ms)
 GET /api/products/manikan-pants-f008/reviews 200 in 359ms (next.js: 151ms, application-code: 209ms)
 GET /api/products/manikan-pants-f008 200 in 225ms (next.js: 4ms, application-code: 221ms)
 GET /api/products/manikan-pants-f008/reviews 200 in 219ms (next.js: 7ms, application-code: 212ms)
 POST /api/widget/recommend 200 in 2.6s (next.js: 6ms, application-code: 2.6s)
 GET /store 200 in 138ms (next.js: 6ms, application-code: 133ms)
 GET /api/wishlist 200 in 65ms (next.js: 25ms, application-code: 40ms)
 GET /api/cart 200 in 73ms (next.js: 34ms, application-code: 39ms)
 GET /api/wishlist 200 in 52ms (next.js: 10ms, application-code: 42ms)
 GET /api/cart 200 in 58ms (next.js: 19ms, application-code: 39ms)
 GET /api/products?page=1 200 in 210ms (next.js: 28ms, application-code: 182ms)
 GET /api/products?page=2 200 in 198ms (next.js: 17ms, application-code: 182ms)
 GET /api/categories 200 in 501ms (next.js: 21ms, application-code: 480ms)
 GET /api/products?page=1&limit=12&sort=newest 200 in 590ms (next.js: 27ms, application-code: 563ms)
 GET /api/products?page=3 200 in 563ms (next.js: 12ms, application-code: 551ms)
 GET /api/products?page=4 200 in 182ms (next.js: 19ms, application-code: 162ms)
 GET /api/products?page=5 200 in 151ms (next.js: 4ms, application-code: 147ms)
 GET /api/products?page=6 200 in 149ms (next.js: 4ms, application-code: 145ms)
 GET /api/products?page=7 200 in 153ms (next.js: 6ms, application-code: 147ms)
 GET /api/products?page=8 200 in 158ms (next.js: 15ms, application-code: 142ms)
 GET /api/products?page=9 200 in 141ms (next.js: 4ms, application-code: 138ms)
 GET /api/products?page=10 200 in 142ms (next.js: 4ms, application-code: 139ms)
 GET /api/products?page=11 200 in 141ms (next.js: 4ms, application-code: 137ms)
 GET /api/products?page=1&limit=12&category=women-blouse&sort=newest 200 in 154ms (next.js: 4ms, application-code: 150ms)
⨯ upstream image response failed for https://lhuudputwdjphaunimvn.supabase.co/storage/v1/object/public/catalog/P029.jpg 400
⨯ upstream image response failed for https://lhuudputwdjphaunimvn.supabase.co/storage/v1/object/public/catalog/P038.jpg 400
 GET /store/cold-shoulder-blouse-p083 200 in 236ms (next.js: 96ms, application-code: 140ms)
 GET /api/products/cold-shoulder-blouse-p083 200 in 382ms (next.js: 98ms, application-code: 284ms)
 GET /api/products/cold-shoulder-blouse-p083/reviews 200 in 313ms (next.js: 102ms, application-code: 210ms)
 GET /api/products/cold-shoulder-blouse-p083 200 in 217ms (next.js: 5ms, application-code: 212ms)
 GET /api/products/cold-shoulder-blouse-p083/reviews 200 in 220ms (next.js: 6ms, application-code: 213ms)
 POST /api/widget/recommend 200 in 503ms (next.js: 4ms, application-code: 499ms)
 POST /api/widget/recommend 200 in 878ms (next.js: 5ms, application-code: 873ms)
 POST /api/widget/recommend 200 in 944ms (next.js: 6ms, application-code: 938ms)
 POST /api/measurement-sessions 201 in 474ms (next.js: 4ms, application-code: 470ms)
 GET /store 200 in 123ms (next.js: 3ms, application-code: 120ms)
 GET /api/wishlist 200 in 28ms (next.js: 4ms, application-code: 24ms)
 GET /api/cart 200 in 20ms (next.js: 9ms, application-code: 12ms)
 GET /api/wishlist 200 in 42ms (next.js: 29ms, application-code: 13ms)
 GET /api/cart 200 in 43ms (next.js: 8ms, application-code: 35ms)
 GET /api/categories 200 in 418ms (next.js: 13ms, application-code: 405ms)
 GET /api/products?page=1&limit=12&sort=newest 200 in 518ms (next.js: 21ms, application-code: 497ms)
 GET /api/products?page=1 200 in 871ms (next.js: 13ms, application-code: 858ms)
 GET /api/products?page=2 200 in 193ms (next.js: 10ms, application-code: 183ms)
 GET /api/products?page=3 200 in 166ms (next.js: 5ms, application-code: 162ms)
[browser] Image with src "/products/pants-female-indigo.png" was detected as the Largest Contentful Paint (LCP). Please add the `loading="eager"` property if this image is above the fold.
Read more: https://nextjs.org/docs/app/api-reference/components/image#loading
 GET /api/products?page=4 200 in 189ms (next.js: 7ms, application-code: 182ms)
[browser] Image with src "/products/pants-ivory-boucle-knit.png" was detected as the Largest Contentful Paint (LCP). Please add the `loading="eager"` property if this image is above the fold.
Read more: https://nextjs.org/docs/app/api-reference/components/image#loading
 GET /api/products?page=5 200 in 176ms (next.js: 7ms, application-code: 169ms)
 GET /api/products?page=6 200 in 189ms (next.js: 8ms, application-code: 181ms)
 GET /api/products?page=7 200 in 172ms (next.js: 7ms, application-code: 166ms)
 GET /api/products?page=8 200 in 172ms (next.js: 15ms, application-code: 157ms)
 GET /api/products?page=9 200 in 160ms (next.js: 4ms, application-code: 156ms)
 GET /api/products?page=10 200 in 157ms (next.js: 4ms, application-code: 152ms)
 GET /api/products?page=11 200 in 149ms (next.js: 3ms, application-code: 146ms)
 GET /store/manikan-pants-f001 200 in 158ms (next.js: 92ms, application-code: 66ms)
 GET /api/products/manikan-pants-f001 200 in 345ms (next.js: 92ms, application-code: 253ms)
 GET /api/products/manikan-pants-f001/reviews 200 in 286ms (next.js: 79ms, application-code: 207ms)
 GET /api/products/manikan-pants-f001 200 in 236ms (next.js: 4ms, application-code: 232ms)
 GET /api/products/manikan-pants-f001/reviews 200 in 224ms (next.js: 9ms, application-code: 215ms)
 POST /api/widget/recommend 200 in 2.7s (next.js: 4ms, application-code: 2.7s)
 GET /store 200 in 135ms (next.js: 6ms, application-code: 129ms)
 GET /api/wishlist 200 in 27ms (next.js: 9ms, application-code: 18ms)
 GET /api/cart 200 in 21ms (next.js: 9ms, application-code: 12ms)
 GET /api/wishlist 200 in 36ms (next.js: 23ms, application-code: 13ms)
 GET /api/cart 200 in 55ms (next.js: 10ms, application-code: 45ms)
 GET /api/categories 200 in 417ms (next.js: 18ms, application-code: 399ms)
 GET /api/products?page=1 200 in 562ms (next.js: 10ms, application-code: 552ms)
 GET /api/products?page=1&limit=12&sort=newest 200 in 518ms (next.js: 26ms, application-code: 492ms)
 GET /api/products?page=2 200 in 178ms (next.js: 9ms, application-code: 169ms)
 GET /api/products?page=3 200 in 205ms (next.js: 5ms, application-code: 200ms)
[browser] Image with src "/products/pants-ivory-boucle-knit.png" was detected as the Largest Contentful Paint (LCP). Please add the `loading="eager"` property if this image is above the fold.
Read more: https://nextjs.org/docs/app/api-reference/components/image#loading
 GET /api/products?page=4 200 in 177ms (next.js: 5ms, application-code: 173ms)
 GET /api/products?page=5 200 in 177ms (next.js: 8ms, application-code: 169ms)
 GET /api/products?page=6 200 in 163ms (next.js: 5ms, application-code: 158ms)
 GET /api/products?page=7 200 in 160ms (next.js: 7ms, application-code: 153ms)
 GET /api/products?page=8 200 in 161ms (next.js: 4ms, application-code: 157ms)
 GET /api/products?page=9 200 in 159ms (next.js: 5ms, application-code: 154ms)
 GET /api/products?page=10 200 in 161ms (next.js: 4ms, application-code: 156ms)
 GET /api/products?page=11 200 in 152ms (next.js: 4ms, application-code: 148ms)
 GET /api/products?page=1&limit=12&category=women-jacket&sort=newest 200 in 160ms (next.js: 4ms, application-code: 156ms)
⨯ upstream image response failed for https://lhuudputwdjphaunimvn.supabase.co/storage/v1/object/public/catalog/P037.jpg 400
 GET /store/relaxed-blazer-p089 200 in 140ms (next.js: 78ms, application-code: 62ms)
 GET /api/products/relaxed-blazer-p089 200 in 444ms (next.js: 121ms, application-code: 324ms)
 GET /api/products/relaxed-blazer-p089 200 in 223ms (next.js: 5ms, application-code: 218ms)
 GET /api/products/relaxed-blazer-p089/reviews 200 in 615ms (next.js: 118ms, application-code: 497ms)
 GET /api/products/relaxed-blazer-p089/reviews 200 in 212ms (next.js: 10ms, application-code: 202ms)
 POST /api/widget/recommend 200 in 884ms (next.js: 3ms, application-code: 880ms)
 POST /api/measurement-sessions 201 in 459ms (next.js: 4ms, application-code: 455ms)
 GET /store 200 in 176ms (next.js: 4ms, application-code: 171ms)
 GET /api/wishlist 200 in 33ms (next.js: 15ms, application-code: 18ms)
 GET /api/cart 200 in 19ms (next.js: 6ms, application-code: 13ms)
 GET /api/wishlist 200 in 23ms (next.js: 14ms, application-code: 10ms)
 GET /api/cart 200 in 25ms (next.js: 10ms, application-code: 15ms)
 GET /api/categories 200 in 458ms (next.js: 5ms, application-code: 454ms)
 GET /api/products?page=1&limit=12&sort=newest 200 in 492ms (next.js: 4ms, application-code: 488ms)
 GET /api/products?page=1 200 in 911ms (next.js: 17ms, application-code: 894ms)
 GET /api/products?page=2 200 in 186ms (next.js: 8ms, application-code: 178ms)
 GET /api/products?page=3 200 in 173ms (next.js: 13ms, application-code: 160ms)
 GET /api/products?page=4 200 in 180ms (next.js: 10ms, application-code: 169ms)
 GET /api/products?page=5 200 in 168ms (next.js: 4ms, application-code: 164ms)
 GET /api/products?page=6 200 in 169ms (next.js: 7ms, application-code: 162ms)
 GET /api/products?page=7 200 in 190ms (next.js: 15ms, application-code: 175ms)
 GET /api/products?page=8 200 in 164ms (next.js: 5ms, application-code: 159ms)
 GET /api/products?page=9 200 in 160ms (next.js: 5ms, application-code: 155ms)
 GET /api/products?page=10 200 in 154ms (next.js: 6ms, application-code: 148ms)
 GET /api/products?page=11 200 in 148ms (next.js: 4ms, application-code: 144ms)
 GET /api/products?page=1&limit=12&gender=women&sort=newest 200 in 158ms (next.js: 3ms, application-code: 155ms)
 GET /api/products?page=1&limit=12&category=women-skirt&gender=women&sort=newest 200 in 177ms (next.js: 4ms, application-code: 173ms)
 GET /store/leather-look-skirt-p085 200 in 159ms (next.js: 82ms, application-code: 77ms)
 GET /api/products/leather-look-skirt-p085 200 in 355ms (next.js: 103ms, application-code: 252ms)
 GET /api/products/leather-look-skirt-p085/reviews 200 in 412ms (next.js: 206ms, application-code: 206ms)
 GET /api/products/leather-look-skirt-p085 200 in 228ms (next.js: 5ms, application-code: 224ms)
 GET /api/products/leather-look-skirt-p085/reviews 200 in 218ms (next.js: 5ms, application-code: 213ms)
 POST /api/widget/recommend 200 in 950ms (next.js: 6ms, application-code: 944ms)
 POST /api/widget/recommend 200 in 547ms (next.js: 5ms, application-code: 542ms)
 POST /api/widget/recommend 200 in 868ms (next.js: 4ms, application-code: 863ms)
✓ Compiled in 411ms
 GET /store/leather-look-skirt-p085 200 in 261ms (next.js: 92ms, application-code: 169ms)
 GET /api/wishlist 200 in 37ms (next.js: 13ms, application-code: 24ms)
 GET /api/cart 200 in 55ms (next.js: 16ms, application-code: 39ms)
 GET /api/wishlist 200 in 23ms (next.js: 11ms, application-code: 12ms)
 GET /api/cart 200 in 48ms (next.js: 20ms, application-code: 28ms)
 GET /api/products?page=1 200 in 611ms (next.js: 24ms, application-code: 587ms)
 GET /api/products/leather-look-skirt-p085/reviews 200 in 1047ms (next.js: 104ms, application-code: 944ms)
 GET /api/products/leather-look-skirt-p085 200 in 1206ms (next.js: 95ms, application-code: 1111ms)
 GET /api/products?page=2 200 in 170ms (next.js: 8ms, application-code: 162ms)
 GET /api/products?page=3 200 in 182ms (next.js: 8ms, application-code: 174ms)
 GET /api/products?page=4 200 in 185ms (next.js: 12ms, application-code: 173ms)
 GET /api/products?page=5 200 in 186ms (next.js: 12ms, application-code: 174ms)
 GET /api/products?page=6 200 in 184ms (next.js: 5ms, application-code: 179ms)
 GET /api/products?page=7 200 in 168ms (next.js: 11ms, application-code: 157ms)
 GET /api/products?page=8 200 in 165ms (next.js: 5ms, application-code: 160ms)
 GET /api/products?page=9 200 in 162ms (next.js: 7ms, application-code: 155ms)
 GET /api/products?page=10 200 in 173ms (next.js: 3ms, application-code: 170ms)
 GET /api/products?page=11 200 in 161ms (next.js: 7ms, application-code: 154ms)
 POST /api/widget/recommend 200 in 903ms (next.js: 4ms, application-code: 899ms)
 POST /api/widget/recommend 200 in 532ms (next.js: 4ms, application-code: 528ms)
 POST /api/widget/recommend 200 in 880ms (next.js: 5ms, application-code: 875ms)
 POST /api/measurement-sessions 201 in 538ms (next.js: 7ms, application-code: 532ms)
 POST /api/widget/recommend 200 in 962ms (next.js: 5ms, application-code: 957ms)
 POST /api/measurement-sessions 201 in 528ms (next.js: 4ms, application-code: 524ms)
 GET /store/leather-look-skirt-p085 200 in 260ms (next.js: 90ms, application-code: 170ms)
 GET /api/wishlist 200 in 22ms (next.js: 9ms, application-code: 13ms)
 GET /api/cart 200 in 161ms (next.js: 140ms, application-code: 21ms)
 GET /api/wishlist 200 in 36ms (next.js: 16ms, application-code: 20ms)
 GET /api/cart 200 in 50ms (next.js: 15ms, application-code: 34ms)
 GET /api/products/leather-look-skirt-p085 200 in 1223ms (next.js: 130ms, application-code: 1093ms)
 GET /api/products/leather-look-skirt-p085/reviews 200 in 1111ms (next.js: 164ms, application-code: 947ms)
 GET /api/products?page=1 200 in 947ms (next.js: 21ms, application-code: 927ms)
 GET /api/products?page=2 200 in 189ms (next.js: 21ms, application-code: 168ms)
 GET /api/products?page=3 200 in 162ms (next.js: 12ms, application-code: 150ms)
 GET /api/products?page=4 200 in 161ms (next.js: 7ms, application-code: 154ms)
 GET /api/products?page=5 200 in 169ms (next.js: 7ms, application-code: 161ms)
 GET /api/products?page=6 200 in 162ms (next.js: 4ms, application-code: 158ms)
 GET /api/products?page=7 200 in 171ms (next.js: 13ms, application-code: 158ms)
 GET /api/products?page=8 200 in 158ms (next.js: 8ms, application-code: 150ms)
 GET /api/products?page=9 200 in 156ms (next.js: 5ms, application-code: 151ms)
 GET /api/products?page=10 200 in 161ms (next.js: 3ms, application-code: 158ms)
 GET /api/products?page=11 200 in 160ms (next.js: 5ms, application-code: 154ms)
 GET /store 200 in 155ms (next.js: 4ms, application-code: 150ms)
 GET /api/wishlist 200 in 27ms (next.js: 13ms, application-code: 14ms)
 GET /api/cart 200 in 34ms (next.js: 11ms, application-code: 23ms)
 GET /api/wishlist 200 in 45ms (next.js: 23ms, application-code: 22ms)
 GET /api/cart 200 in 27ms (next.js: 12ms, application-code: 15ms)
 GET /api/categories 200 in 504ms (next.js: 11ms, application-code: 493ms)
 GET /api/products?page=1 200 in 613ms (next.js: 13ms, application-code: 600ms)
 GET /api/products?page=2 200 in 174ms (next.js: 15ms, application-code: 159ms)
 GET /api/products?page=1&limit=12&sort=newest 200 in 897ms (next.js: 28ms, application-code: 870ms)
 GET /api/products?page=3 200 in 170ms (next.js: 12ms, application-code: 158ms)
 GET /api/products?page=4 200 in 159ms (next.js: 4ms, application-code: 154ms)
[browser] Image with src "/products/pants-chocolate-boucle-knit.png" was detected as the Largest Contentful Paint (LCP). Please add the `loading="eager"` property if this image is above the fold.
Read more: https://nextjs.org/docs/app/api-reference/components/image#loading
 GET /api/products?page=5 200 in 147ms (next.js: 3ms, application-code: 144ms)
 GET /api/products?page=6 200 in 158ms (next.js: 4ms, application-code: 154ms)
 GET /api/products?page=7 200 in 170ms (next.js: 4ms, application-code: 166ms)
 GET /api/products?page=8 200 in 167ms (next.js: 11ms, application-code: 156ms)
 GET /api/products?page=9 200 in 176ms (next.js: 11ms, application-code: 165ms)
 GET /api/products?page=10 200 in 170ms (next.js: 4ms, application-code: 166ms)
 GET /api/products?page=11 200 in 151ms (next.js: 6ms, application-code: 145ms)
 POST /api/widget/recommend 200 in 3.2s (next.js: 3ms, application-code: 3.2s)
 POST /api/widget/recommend 200 in 19.7s (next.js: 4ms, application-code: 19.7s)
 GET /api/products?category=blouse 200 in 841ms (next.js: 4ms, application-code: 836ms)
 GET /store/long-sleeve-jersey-blouse-p090?open_sizing=true 200 in 207ms (next.js: 68ms, application-code: 139ms)
 GET /api/wishlist 200 in 19ms (next.js: 6ms, application-code: 12ms)
 GET /api/cart 200 in 36ms (next.js: 24ms, application-code: 13ms)
 GET /api/wishlist 200 in 39ms (next.js: 19ms, application-code: 19ms)
 GET /api/cart 200 in 36ms (next.js: 21ms, application-code: 15ms)
 GET /api/products?page=1 200 in 741ms (next.js: 10ms, application-code: 731ms)
 GET /api/products?page=2 200 in 158ms (next.js: 4ms, application-code: 154ms)
 GET /api/products?page=3 200 in 155ms (next.js: 3ms, application-code: 152ms)
 GET /api/products/long-sleeve-jersey-blouse-p090 200 in 1072ms (next.js: 117ms, application-code: 955ms)
 GET /api/products/long-sleeve-jersey-blouse-p090/reviews 200 in 1075ms (next.js: 206ms, application-code: 869ms)
 GET /api/products?page=4 200 in 158ms (next.js: 5ms, application-code: 153ms)
 GET /api/products?page=5 200 in 164ms (next.js: 5ms, application-code: 159ms)
 GET /api/products?page=6 200 in 164ms (next.js: 4ms, application-code: 160ms)
 GET /api/products?page=7 200 in 158ms (next.js: 7ms, application-code: 151ms)
 GET /api/products?page=8 200 in 167ms (next.js: 3ms, application-code: 164ms)
 GET /api/products?page=9 200 in 162ms (next.js: 8ms, application-code: 154ms)
 GET /api/products?page=10 200 in 156ms (next.js: 4ms, application-code: 153ms)
 GET /api/products?page=11 200 in 149ms (next.js: 3ms, application-code: 145ms)
 POST /api/widget/recommend 200 in 555ms (next.js: 5ms, application-code: 551ms)
 POST /api/widget/recommend 200 in 539ms (next.js: 5ms, application-code: 535ms)
 POST /api/widget/recommend 200 in 870ms (next.js: 4ms, application-code: 866ms)
 POST /api/measurement-sessions 201 in 486ms (next.js: 4ms, application-code: 483ms)
 GET /store/manikan-pants-007 200 in 150ms (next.js: 85ms, application-code: 66ms)
 GET /api/products/manikan-pants-007 200 in 1214ms (next.js: 117ms, application-code: 1097ms)
 GET /api/products/manikan-pants-007/reviews 200 in 1094ms (next.js: 210ms, application-code: 883ms)
 GET /api/products/manikan-pants-007 200 in 261ms (next.js: 6ms, application-code: 255ms)
 GET /api/products/manikan-pants-007/reviews 200 in 256ms (next.js: 13ms, application-code: 243ms)
 POST /api/widget/recommend 200 in 12.7s (next.js: 8ms, application-code: 12.7s)
 GET /store/manikan-pants-007 200 in 278ms (next.js: 102ms, application-code: 177ms)
 GET /api/wishlist 200 in 95ms (next.js: 25ms, application-code: 70ms)
 GET /api/cart 200 in 112ms (next.js: 54ms, application-code: 58ms)
 GET /api/wishlist 200 in 26ms (next.js: 13ms, application-code: 13ms)
 GET /api/cart 200 in 19ms (next.js: 11ms, application-code: 8ms)
 GET /api/products?page=1 200 in 527ms (next.js: 30ms, application-code: 497ms)
 GET /api/products/manikan-pants-007 200 in 1165ms (next.js: 118ms, application-code: 1046ms)
 GET /api/products?page=2 200 in 209ms (next.js: 12ms, application-code: 197ms)
 GET /api/products/manikan-pants-007/reviews 200 in 1144ms (next.js: 115ms, application-code: 1029ms)
 GET /api/products?page=3 200 in 196ms (next.js: 18ms, application-code: 179ms)
 GET /api/products?page=4 200 in 222ms (next.js: 24ms, application-code: 198ms)
 GET /api/products?page=5 200 in 242ms (next.js: 29ms, application-code: 213ms)
 GET /api/products?page=6 200 in 170ms (next.js: 7ms, application-code: 163ms)
 GET /api/products?page=7 200 in 172ms (next.js: 7ms, application-code: 165ms)
 GET /api/products?page=8 200 in 195ms (next.js: 15ms, application-code: 179ms)
 GET /api/products?page=9 200 in 159ms (next.js: 3ms, application-code: 155ms)
 GET /api/products?page=10 200 in 166ms (next.js: 6ms, application-code: 160ms)
 GET /api/products?page=11 200 in 150ms (next.js: 3ms, application-code: 146ms)
 GET /store 200 in 179ms (next.js: 11ms, application-code: 168ms)
 GET /api/wishlist 200 in 14ms (next.js: 4ms, application-code: 9ms)
 GET /api/cart 200 in 14ms (next.js: 4ms, application-code: 10ms)
 GET /api/wishlist 200 in 12ms (next.js: 4ms, application-code: 8ms)
 GET /api/cart 200 in 29ms (next.js: 13ms, application-code: 16ms)
 GET /api/categories 200 in 88ms (next.js: 5ms, application-code: 83ms)
 GET /api/products?page=1 200 in 171ms (next.js: 5ms, application-code: 166ms)
 GET /api/products?page=1&limit=12&sort=newest 200 in 162ms (next.js: 5ms, application-code: 157ms)
 GET /api/products?page=2 200 in 161ms (next.js: 4ms, application-code: 157ms)
 GET /api/products?page=3 200 in 167ms (next.js: 6ms, application-code: 161ms)
 GET /api/products?page=4 200 in 178ms (next.js: 7ms, application-code: 172ms)
 GET /api/products?page=5 200 in 172ms (next.js: 5ms, application-code: 167ms)
 GET /api/products?page=6 200 in 170ms (next.js: 13ms, application-code: 157ms)
 GET /api/products?page=7 200 in 170ms (next.js: 6ms, application-code: 164ms)
 GET /api/products?page=8 200 in 161ms (next.js: 5ms, application-code: 157ms)
 GET /api/products?page=9 200 in 166ms (next.js: 4ms, application-code: 162ms)
 GET /api/products?page=10 200 in 159ms (next.js: 4ms, application-code: 155ms)
 GET /api/products?page=11 200 in 153ms (next.js: 3ms, application-code: 150ms)
 GET /store/manikan-pants-007 200 in 167ms (next.js: 94ms, application-code: 74ms)
 GET /api/products/manikan-pants-007 200 in 480ms (next.js: 151ms, application-code: 329ms)
 GET /api/products/manikan-pants-007 200 in 256ms (next.js: 14ms, application-code: 242ms)
 GET /api/products/manikan-pants-007/reviews 200 in 660ms (next.js: 120ms, application-code: 540ms)
 GET /api/products/manikan-pants-007/reviews 200 in 256ms (next.js: 11ms, application-code: 245ms)
 GET /store/manikan-pants-007 200 in 237ms (next.js: 87ms, application-code: 151ms)
 GET /api/wishlist 200 in 301ms (next.js: 32ms, application-code: 269ms)
 GET /api/cart 200 in 300ms (next.js: 224ms, application-code: 76ms)
 GET /api/wishlist 200 in 35ms (next.js: 13ms, application-code: 22ms)
 GET /api/cart 200 in 62ms (next.js: 42ms, application-code: 21ms)
 GET /store 200 in 351ms (next.js: 15ms, application-code: 336ms)
 GET /api/products/manikan-pants-007 200 in 1626ms (next.js: 119ms, application-code: 1507ms)
 GET /api/products/manikan-pants-007/reviews 200 in 1458ms (next.js: 203ms, application-code: 1255ms)
 GET /api/products?page=1 200 in 1484ms (next.js: 239ms, application-code: 1244ms)
 GET /api/wishlist 200 in 18ms (next.js: 6ms, application-code: 12ms)
 GET /api/cart 200 in 23ms (next.js: 12ms, application-code: 12ms)
 GET /api/wishlist 200 in 33ms (next.js: 7ms, application-code: 26ms)
 GET /api/cart 200 in 32ms (next.js: 23ms, application-code: 10ms)
 GET /api/categories 200 in 80ms (next.js: 7ms, application-code: 73ms)
 GET /api/products?page=1 200 in 170ms (next.js: 13ms, application-code: 157ms)
 GET /api/products?page=1&limit=12&sort=newest 200 in 157ms (next.js: 13ms, application-code: 144ms)
 GET /api/products?page=2 200 in 146ms (next.js: 3ms, application-code: 143ms)
 GET /api/products?page=3 200 in 160ms (next.js: 7ms, application-code: 153ms)
 GET /api/products?page=4 200 in 148ms (next.js: 4ms, application-code: 145ms)
 GET /api/products?page=5 200 in 153ms (next.js: 5ms, application-code: 148ms)
 GET /api/products?page=6 200 in 167ms (next.js: 14ms, application-code: 154ms)
 GET /api/products?page=7 200 in 162ms (next.js: 4ms, application-code: 157ms)
 GET /api/products?page=8 200 in 208ms (next.js: 8ms, application-code: 200ms)
[browser] Image with src "/products/pants-chocolate-boucle-knit.png" was detected as the Largest Contentful Paint (LCP). Please add the `loading="eager"` property if this image is above the fold.
Read more: https://nextjs.org/docs/app/api-reference/components/image#loading
 GET /api/products?page=9 200 in 179ms (next.js: 5ms, application-code: 174ms)
 GET /api/products?page=10 200 in 210ms (next.js: 18ms, application-code: 192ms)
 GET /api/products?page=11 200 in 177ms (next.js: 13ms, application-code: 164ms)
 GET /store/manikan-pants-007 200 in 187ms (next.js: 99ms, application-code: 88ms)
 GET /api/products/manikan-pants-007 200 in 401ms (next.js: 102ms, application-code: 299ms)
 GET /api/products/manikan-pants-007/reviews 200 in 323ms (next.js: 99ms, application-code: 224ms)
 GET /api/products/manikan-pants-007 200 in 233ms (next.js: 5ms, application-code: 229ms)
 GET /api/products/manikan-pants-007/reviews 200 in 222ms (next.js: 11ms, application-code: 211ms)
 GET /store 200 in 134ms (next.js: 6ms, application-code: 128ms)
 GET /api/wishlist 200 in 38ms (next.js: 15ms, application-code: 23ms)
 GET /api/cart 200 in 38ms (next.js: 19ms, application-code: 20ms)
 GET /api/wishlist 200 in 58ms (next.js: 40ms, application-code: 18ms)
 GET /api/cart 200 in 143ms (next.js: 11ms, application-code: 132ms)
 GET /api/categories 200 in 144ms (next.js: 38ms, application-code: 106ms)
 GET /api/products?page=1 200 in 290ms (next.js: 12ms, application-code: 278ms)
 GET /api/products?page=1&limit=12&sort=newest 200 in 264ms (next.js: 88ms, application-code: 176ms)
 GET /api/products?page=2 200 in 158ms (next.js: 3ms, application-code: 155ms)
 GET /api/products?page=3 200 in 221ms (next.js: 40ms, application-code: 181ms)
 GET /api/products?page=4 200 in 169ms (next.js: 12ms, application-code: 157ms)
 GET /api/products?page=5 200 in 161ms (next.js: 9ms, application-code: 152ms)
 GET /api/products?page=6 200 in 161ms (next.js: 12ms, application-code: 149ms)
 GET /api/products?page=7 200 in 161ms (next.js: 5ms, application-code: 157ms)
 GET /api/products?page=8 200 in 146ms (next.js: 6ms, application-code: 141ms)
 GET /api/products?page=9 200 in 165ms (next.js: 4ms, application-code: 161ms)
 GET /api/products?page=10 200 in 147ms (next.js: 4ms, application-code: 144ms)
 GET /api/products?page=11 200 in 141ms (next.js: 4ms, application-code: 137ms)
 POST /api/widget/recommend 200 in 2.5s (next.js: 4ms, application-code: 2.5s)
 POST /api/widget/recommend 200 in 1803ms (next.js: 8ms, application-code: 1795ms)
 POST /api/widget/recommend 200 in 1829ms (next.js: 4ms, application-code: 1825ms)
 GET /api/products?category=jacket 200 in 502ms (next.js: 4ms, application-code: 498ms)
 GET /store/casual-chore-jacket-p093?open_sizing=true 200 in 287ms (next.js: 92ms, application-code: 195ms)
 GET /api/wishlist 200 in 20ms (next.js: 9ms, application-code: 11ms)
 GET /api/cart 200 in 16ms (next.js: 7ms, application-code: 10ms)
 GET /api/wishlist 200 in 237ms (next.js: 216ms, application-code: 21ms)
 GET /api/cart 200 in 15ms (next.js: 6ms, application-code: 10ms)
 GET /api/products?page=1 200 in 353ms (next.js: 193ms, application-code: 161ms)
 GET /api/products?page=2 200 in 152ms (next.js: 9ms, application-code: 143ms)
 GET /api/products?page=3 200 in 152ms (next.js: 4ms, application-code: 148ms)
 GET /api/products/casual-chore-jacket-p093 200 in 720ms (next.js: 96ms, application-code: 625ms)
 GET /api/products/casual-chore-jacket-p093/reviews 200 in 731ms (next.js: 182ms, application-code: 549ms)
 GET /api/products?page=4 200 in 162ms (next.js: 6ms, application-code: 156ms)
 GET /api/products?page=5 200 in 164ms (next.js: 3ms, application-code: 161ms)
 GET /api/products?page=6 200 in 187ms (next.js: 5ms, application-code: 182ms)
 GET /api/products?page=7 200 in 172ms (next.js: 6ms, application-code: 166ms)
 GET /api/products?page=8 200 in 160ms (next.js: 6ms, application-code: 154ms)
 GET /api/products?page=9 200 in 159ms (next.js: 4ms, application-code: 155ms)
 GET /api/products?page=10 200 in 158ms (next.js: 3ms, application-code: 155ms)
 GET /api/products?page=11 200 in 157ms (next.js: 5ms, application-code: 152ms)
 POST /api/widget/recommend 200 in 10.1s (next.js: 5ms, application-code: 10.0s)
 GET /store/casual-chore-jacket-p093?open_sizing=true 200 in 215ms (next.js: 75ms, application-code: 141ms)
 GET /api/wishlist 200 in 15ms (next.js: 5ms, application-code: 10ms)
 GET /api/cart 200 in 32ms (next.js: 22ms, application-code: 10ms)
 GET /api/wishlist 200 in 254ms (next.js: 238ms, application-code: 16ms)
 GET /api/cart 200 in 45ms (next.js: 34ms, application-code: 11ms)
 GET /api/products?page=1 200 in 693ms (next.js: 221ms, application-code: 472ms)
 GET /api/products/casual-chore-jacket-p093/reviews 200 in 728ms (next.js: 213ms, application-code: 515ms)
 GET /api/products/casual-chore-jacket-p093 200 in 769ms (next.js: 107ms, application-code: 662ms)
 GET /api/products?page=2 200 in 165ms (next.js: 7ms, application-code: 157ms)
 GET /api/products?page=3 200 in 168ms (next.js: 4ms, application-code: 164ms)
 GET /api/products?page=4 200 in 162ms (next.js: 5ms, application-code: 158ms)
 GET /api/products?page=5 200 in 166ms (next.js: 4ms, application-code: 162ms)
 GET /api/products?page=6 200 in 160ms (next.js: 4ms, application-code: 156ms)
 GET /api/products?page=7 200 in 163ms (next.js: 6ms, application-code: 157ms)
 GET /api/products?page=8 200 in 163ms (next.js: 4ms, application-code: 159ms)
 GET /api/products?page=9 200 in 160ms (next.js: 3ms, application-code: 157ms)
 GET /api/products?page=10 200 in 160ms (next.js: 3ms, application-code: 157ms)
 GET /api/products?page=11 200 in 155ms (next.js: 4ms, application-code: 151ms)
 GET /store 200 in 151ms (next.js: 7ms, application-code: 143ms)
 GET /api/wishlist 200 in 23ms (next.js: 10ms, application-code: 13ms)
 GET /api/cart 200 in 46ms (next.js: 30ms, application-code: 16ms)
 GET /api/wishlist 200 in 36ms (next.js: 17ms, application-code: 19ms)
 GET /api/cart 200 in 25ms (next.js: 12ms, application-code: 13ms)
 GET /api/categories 200 in 476ms (next.js: 8ms, application-code: 468ms)
 GET /api/products?page=1&limit=12&sort=newest 200 in 569ms (next.js: 17ms, application-code: 552ms)
 GET /api/products?page=1 200 in 871ms (next.js: 8ms, application-code: 863ms)
 GET /api/products?page=2 200 in 198ms (next.js: 11ms, application-code: 187ms)
 GET /api/products?page=3 200 in 210ms (next.js: 22ms, application-code: 188ms)
 GET /api/products?page=4 200 in 187ms (next.js: 8ms, application-code: 179ms)
 GET /api/products?page=5 200 in 229ms (next.js: 15ms, application-code: 214ms)
 GET /api/products?page=6 200 in 167ms (next.js: 11ms, application-code: 157ms)
 GET /api/products?page=7 200 in 169ms (next.js: 9ms, application-code: 160ms)
 GET /api/products?page=8 200 in 158ms (next.js: 7ms, application-code: 151ms)
 GET /api/products?page=9 200 in 180ms (next.js: 7ms, application-code: 173ms)
 GET /api/products?page=10 200 in 187ms (next.js: 4ms, application-code: 183ms)
 GET /api/products?page=11 200 in 155ms (next.js: 4ms, application-code: 151ms)
 POST /api/widget/recommend 200 in 1906ms (next.js: 4ms, application-code: 1902ms)
 GET /api/products?category=blouse 200 in 506ms (next.js: 4ms, application-code: 502ms)
 GET /store/long-sleeve-jersey-blouse-p090?open_sizing=true 200 in 215ms (next.js: 75ms, application-code: 140ms)
 GET /api/wishlist 200 in 17ms (next.js: 6ms, application-code: 11ms)
 GET /api/cart 200 in 31ms (next.js: 23ms, application-code: 9ms)
 GET /api/wishlist 200 in 239ms (next.js: 222ms, application-code: 17ms)
 GET /api/cart 200 in 38ms (next.js: 23ms, application-code: 15ms)
 GET /api/products?page=1 200 in 331ms (next.js: 11ms, application-code: 319ms)
 GET /api/products?page=2 200 in 162ms (next.js: 7ms, application-code: 156ms)
 GET /api/products/long-sleeve-jersey-blouse-p090/reviews 200 in 713ms (next.js: 197ms, application-code: 517ms)
 GET /api/products?page=3 200 in 161ms (next.js: 3ms, application-code: 158ms)
 GET /api/products/long-sleeve-jersey-blouse-p090 200 in 739ms (next.js: 108ms, application-code: 631ms)
 GET /api/products?page=4 200 in 159ms (next.js: 4ms, application-code: 154ms)
 GET /api/products?page=5 200 in 159ms (next.js: 3ms, application-code: 156ms)
 GET /api/products?page=6 200 in 162ms (next.js: 6ms, application-code: 156ms)
 GET /api/products?page=7 200 in 160ms (next.js: 3ms, application-code: 157ms)
 GET /api/products?page=8 200 in 161ms (next.js: 4ms, application-code: 157ms)
 GET /api/products?page=9 200 in 161ms (next.js: 7ms, application-code: 154ms)
 GET /api/products?page=10 200 in 156ms (next.js: 5ms, application-code: 151ms)
 GET /api/products?page=11 200 in 152ms (next.js: 3ms, application-code: 149ms)
 GET /store 200 in 178ms (next.js: 9ms, application-code: 169ms)
 GET /api/wishlist 200 in 26ms (next.js: 8ms, application-code: 18ms)
 GET /api/cart 200 in 22ms (next.js: 12ms, application-code: 9ms)
 GET /api/wishlist 200 in 31ms (next.js: 10ms, application-code: 21ms)
 GET /api/cart 200 in 50ms (next.js: 17ms, application-code: 33ms)
 GET /api/categories 200 in 495ms (next.js: 4ms, application-code: 492ms)
 GET /api/products?page=1&limit=12&sort=newest 200 in 558ms (next.js: 8ms, application-code: 550ms)
 GET /api/products?page=1 200 in 953ms (next.js: 8ms, application-code: 944ms)
 GET /api/products?page=2 200 in 220ms (next.js: 7ms, application-code: 213ms)
 GET /api/products?page=3 200 in 208ms (next.js: 10ms, application-code: 197ms)
 GET /api/products?page=4 200 in 186ms (next.js: 10ms, application-code: 176ms)
 GET /api/products?page=5 200 in 186ms (next.js: 12ms, application-code: 174ms)
 GET /api/products?page=6 200 in 173ms (next.js: 6ms, application-code: 167ms)
 GET /api/products?page=7 200 in 198ms (next.js: 11ms, application-code: 186ms)
 GET /api/products?page=8 200 in 178ms (next.js: 6ms, application-code: 172ms)
 GET /api/products?page=9 200 in 169ms (next.js: 4ms, application-code: 165ms)
 GET /api/products?page=10 200 in 195ms (next.js: 14ms, application-code: 181ms)
 GET /api/products?page=11 200 in 159ms (next.js: 4ms, application-code: 155ms)
 POST /api/widget/recommend 200 in 2.1s (next.js: 4ms, application-code: 2.1s)
 GET /api/products?category=blouse 200 in 487ms (next.js: 4ms, application-code: 483ms)
 GET /store/long-sleeve-jersey-blouse-p090?open_sizing=true 200 in 203ms (next.js: 73ms, application-code: 130ms)
 GET /api/wishlist 200 in 137ms (next.js: 110ms, application-code: 28ms)
 GET /api/cart 200 in 139ms (next.js: 115ms, application-code: 24ms)
 GET /api/wishlist 200 in 115ms (next.js: 95ms, application-code: 20ms)
 GET /api/cart 200 in 120ms (next.js: 101ms, application-code: 19ms)
 GET /api/products?page=1 200 in 252ms (next.js: 39ms, application-code: 213ms)
 GET /api/products?page=2 200 in 204ms (next.js: 5ms, application-code: 199ms)
 GET /api/products/long-sleeve-jersey-blouse-p090 200 in 797ms (next.js: 101ms, application-code: 697ms)
 GET /api/products/long-sleeve-jersey-blouse-p090/reviews 200 in 651ms (next.js: 85ms, application-code: 566ms)
 GET /api/products?page=3 200 in 171ms (next.js: 8ms, application-code: 163ms)
 GET /api/products?page=4 200 in 164ms (next.js: 4ms, application-code: 159ms)
 GET /api/products?page=5 200 in 162ms (next.js: 3ms, application-code: 158ms)
 GET /api/products?page=6 200 in 161ms (next.js: 4ms, application-code: 157ms)
 GET /api/products?page=7 200 in 166ms (next.js: 7ms, application-code: 158ms)
 GET /api/products?page=8 200 in 171ms (next.js: 5ms, application-code: 166ms)
 GET /api/products?page=9 200 in 165ms (next.js: 4ms, application-code: 161ms)
 GET /api/products?page=10 200 in 160ms (next.js: 4ms, application-code: 156ms)
 GET /api/products?page=11 200 in 155ms (next.js: 3ms, application-code: 152ms)
 POST /api/widget/recommend 200 in 571ms (next.js: 5ms, application-code: 566ms)
 POST /api/widget/recommend 200 in 549ms (next.js: 2ms, application-code: 547ms)
 POST /api/widget/recommend 200 in 843ms (next.js: 3ms, application-code: 840ms)
 POST /api/measurement-sessions 201 in 562ms (next.js: 22ms, application-code: 539ms)
 GET /store 200 in 133ms (next.js: 5ms, application-code: 129ms)
 GET /api/wishlist 200 in 28ms (next.js: 10ms, application-code: 19ms)
 GET /api/cart 200 in 29ms (next.js: 17ms, application-code: 12ms)
 GET /api/wishlist 200 in 48ms (next.js: 36ms, application-code: 13ms)
 GET /api/cart 200 in 49ms (next.js: 36ms, application-code: 13ms)
 GET /api/categories 200 in 96ms (next.js: 24ms, application-code: 72ms)
 GET /api/products?page=1 200 in 206ms (next.js: 22ms, application-code: 184ms)
 GET /api/products?page=2 200 in 161ms (next.js: 4ms, application-code: 157ms)
 GET /api/products?page=1&limit=12&sort=newest 200 in 524ms (next.js: 27ms, application-code: 497ms)
 GET /api/products?page=3 200 in 158ms (next.js: 4ms, application-code: 154ms)
[browser] Image with src "/products/pants-chocolate-boucle-knit.png" was detected as the Largest Contentful Paint (LCP). Please add the `loading="eager"` property if this image is above the fold.
Read more: https://nextjs.org/docs/app/api-reference/components/image#loading
 GET /api/products?page=4 200 in 161ms (next.js: 6ms, application-code: 155ms)
 GET /api/products?page=5 200 in 158ms (next.js: 4ms, application-code: 155ms)
 GET /api/products?page=6 200 in 155ms (next.js: 3ms, application-code: 152ms)
 GET /api/products?page=7 200 in 155ms (next.js: 4ms, application-code: 151ms)
 GET /api/products?page=8 200 in 159ms (next.js: 6ms, application-code: 153ms)
 GET /store/manikan-pants-007 200 in 143ms (next.js: 80ms, application-code: 63ms)
 GET /api/products?page=9 200 in 285ms (next.js: 5ms, application-code: 279ms)
 GET /api/products?page=10 200 in 354ms (next.js: 203ms, application-code: 151ms)
 GET /api/products?page=11 200 in 151ms (next.js: 8ms, application-code: 143ms)
 GET /api/products/manikan-pants-007/reviews 200 in 674ms (next.js: 188ms, application-code: 486ms)
 GET /api/products/manikan-pants-007 200 in 697ms (next.js: 85ms, application-code: 612ms)
 GET /api/products/manikan-pants-007/reviews 200 in 204ms (next.js: 7ms, application-code: 197ms)
 GET /api/products/manikan-pants-007 200 in 224ms (next.js: 16ms, application-code: 208ms)
 POST /api/widget/recommend 200 in 2.7s (next.js: 4ms, application-code: 2.7s)
 GET /store/manikan-pants-007 200 in 266ms (next.js: 86ms, application-code: 180ms)
 GET /api/wishlist 200 in 21ms (next.js: 7ms, application-code: 14ms)
 GET /api/cart 200 in 26ms (next.js: 12ms, application-code: 14ms)
 GET /api/wishlist 200 in 196ms (next.js: 188ms, application-code: 8ms)
 GET /api/cart 200 in 14ms (next.js: 5ms, application-code: 9ms)
 GET /api/products?page=1 200 in 702ms (next.js: 174ms, application-code: 529ms)
 GET /api/products?page=2 200 in 153ms (next.js: 4ms, application-code: 149ms)
 GET /api/products?page=3 200 in 156ms (next.js: 4ms, application-code: 152ms)
 GET /api/products/manikan-pants-007/reviews 200 in 1033ms (next.js: 163ms, application-code: 870ms)
 GET /api/products/manikan-pants-007 200 in 1065ms (next.js: 81ms, application-code: 984ms)
 GET /api/products?page=4 200 in 161ms (next.js: 8ms, application-code: 153ms)
 GET /api/products?page=5 200 in 167ms (next.js: 12ms, application-code: 155ms)
 GET /api/products?page=6 200 in 160ms (next.js: 7ms, application-code: 153ms)
 GET /api/products?page=7 200 in 166ms (next.js: 7ms, application-code: 159ms)
 GET /api/products?page=8 200 in 157ms (next.js: 4ms, application-code: 153ms)
 GET /api/products?page=9 200 in 159ms (next.js: 5ms, application-code: 153ms)
 GET /api/products?page=10 200 in 157ms (next.js: 4ms, application-code: 153ms)
 GET /api/products?page=11 200 in 153ms (next.js: 4ms, application-code: 150ms)
 POST /api/widget/recommend 200 in 2.7s (next.js: 5ms, application-code: 2.7s)
 GET /store/manikan-pants-007 200 in 276ms (next.js: 87ms, application-code: 189ms)
 GET /api/wishlist 200 in 28ms (next.js: 11ms, application-code: 17ms)
 GET /api/cart 200 in 29ms (next.js: 18ms, application-code: 11ms)
 GET /api/wishlist 200 in 128ms (next.js: 112ms, application-code: 16ms)
 GET /api/cart 200 in 136ms (next.js: 118ms, application-code: 18ms)
 GET /api/products?page=1 200 in 968ms (next.js: 109ms, application-code: 859ms)
 GET /api/products/manikan-pants-007/reviews 200 in 903ms (next.js: 95ms, application-code: 808ms)
 GET /api/products/manikan-pants-007 200 in 1120ms (next.js: 121ms, application-code: 999ms)
 GET /api/products?page=2 200 in 165ms (next.js: 7ms, application-code: 158ms)
 GET /api/products?page=3 200 in 160ms (next.js: 6ms, application-code: 154ms)
 GET /api/products?page=4 200 in 168ms (next.js: 6ms, application-code: 162ms)
 GET /api/products?page=5 200 in 161ms (next.js: 4ms, application-code: 157ms)
 GET /api/products?page=6 200 in 161ms (next.js: 4ms, application-code: 157ms)
 GET /api/products?page=7 200 in 160ms (next.js: 7ms, application-code: 153ms)
 GET /api/products?page=8 200 in 155ms (next.js: 4ms, application-code: 151ms)
 GET /api/products?page=9 200 in 160ms (next.js: 6ms, application-code: 154ms)
 GET /api/products?page=10 200 in 159ms (next.js: 4ms, application-code: 155ms)
 GET /api/products?page=11 200 in 162ms (next.js: 4ms, application-code: 158ms)
 POST /api/widget/recommend 200 in 2.4s (next.js: 9ms, application-code: 2.4s)
 GET /store/manikan-pants-007 200 in 288ms (next.js: 105ms, application-code: 183ms)
 GET /api/cart 200 in 31ms (next.js: 10ms, application-code: 21ms)
 GET /api/wishlist 200 in 36ms (next.js: 20ms, application-code: 16ms)
 GET /api/cart 200 in 30ms (next.js: 6ms, application-code: 24ms)
 GET /api/wishlist 200 in 32ms (next.js: 15ms, application-code: 17ms)
 GET /api/products?page=1 200 in 677ms (next.js: 23ms, application-code: 654ms)
 GET /api/products?page=2 200 in 164ms (next.js: 6ms, application-code: 158ms)
 GET /api/products?page=3 200 in 156ms (next.js: 7ms, application-code: 150ms)
 GET /api/products/manikan-pants-007/reviews 200 in 1034ms (next.js: 218ms, application-code: 816ms)
 GET /api/products/manikan-pants-007 200 in 1075ms (next.js: 112ms, application-code: 963ms)
 GET /api/products?page=4 200 in 164ms (next.js: 4ms, application-code: 161ms)
 GET /api/products?page=5 200 in 166ms (next.js: 8ms, application-code: 158ms)
 GET /api/products?page=6 200 in 160ms (next.js: 4ms, application-code: 156ms)
 GET /api/products?page=7 200 in 158ms (next.js: 4ms, application-code: 154ms)
 GET /api/products?page=8 200 in 164ms (next.js: 7ms, application-code: 157ms)
 GET /api/products?page=9 200 in 157ms (next.js: 5ms, application-code: 152ms)
 GET /api/products?page=10 200 in 159ms (next.js: 5ms, application-code: 155ms)
 GET /api/products?page=11 200 in 151ms (next.js: 3ms, application-code: 147ms)
 GET /store 200 in 174ms (next.js: 6ms, application-code: 168ms)
 GET /api/wishlist 200 in 12ms (next.js: 5ms, application-code: 8ms)
 GET /api/cart 200 in 23ms (next.js: 15ms, application-code: 8ms)
 GET /api/wishlist 200 in 45ms (next.js: 22ms, application-code: 22ms)
 GET /api/cart 200 in 38ms (next.js: 30ms, application-code: 8ms)
 GET /api/categories 200 in 106ms (next.js: 28ms, application-code: 78ms)
 GET /api/products?page=1 200 in 162ms (next.js: 9ms, application-code: 153ms)
 GET /api/products?page=1&limit=12&sort=newest 200 in 186ms (next.js: 34ms, application-code: 152ms)
 GET /api/products?page=2 200 in 169ms (next.js: 3ms, application-code: 165ms)
 GET /api/products?page=3 200 in 169ms (next.js: 14ms, application-code: 155ms)
 GET /api/products?page=4 200 in 157ms (next.js: 4ms, application-code: 153ms)
 GET /api/products?page=5 200 in 161ms (next.js: 4ms, application-code: 157ms)
 GET /api/products?page=6 200 in 159ms (next.js: 5ms, application-code: 153ms)
 GET /api/products?page=7 200 in 156ms (next.js: 4ms, application-code: 152ms)
 GET /api/products?page=8 200 in 155ms (next.js: 3ms, application-code: 151ms)
 GET /api/products?page=9 200 in 153ms (next.js: 2ms, application-code: 150ms)
 GET /api/products?page=10 200 in 156ms (next.js: 4ms, application-code: 152ms)
 GET /api/products?page=11 200 in 151ms (next.js: 3ms, application-code: 148ms)
 GET /store/manikan-pants-007 200 in 180ms (next.js: 84ms, application-code: 96ms)
 GET /api/products/manikan-pants-007 200 in 369ms (next.js: 106ms, application-code: 263ms)
 GET /api/products/manikan-pants-007/reviews 200 in 415ms (next.js: 214ms, application-code: 201ms)
 GET /api/products/manikan-pants-007 200 in 219ms (next.js: 8ms, application-code: 212ms)
 GET /api/products/manikan-pants-007/reviews 200 in 211ms (next.js: 7ms, application-code: 205ms)
 GET /store/manikan-pants-007 200 in 254ms (next.js: 80ms, application-code: 174ms)
 GET /api/wishlist 200 in 24ms (next.js: 8ms, application-code: 17ms)
 GET /api/cart 200 in 40ms (next.js: 30ms, application-code: 10ms)
 GET /api/wishlist 200 in 28ms (next.js: 12ms, application-code: 16ms)
 GET /api/cart 200 in 30ms (next.js: 18ms, application-code: 11ms)
 GET /api/products/manikan-pants-007/reviews 200 in 1023ms (next.js: 223ms, application-code: 799ms)
 GET /api/products?page=1 200 in 1104ms (next.js: 235ms, application-code: 869ms)
 GET /api/products/manikan-pants-007 200 in 1137ms (next.js: 124ms, application-code: 1013ms)
 GET /api/products?page=2 200 in 161ms (next.js: 5ms, application-code: 156ms)
 GET /api/products?page=3 200 in 157ms (next.js: 3ms, application-code: 153ms)
 GET /api/products?page=4 200 in 158ms (next.js: 5ms, application-code: 153ms)
 GET /api/products?page=5 200 in 153ms (next.js: 3ms, application-code: 150ms)
 GET /api/products?page=6 200 in 152ms (next.js: 4ms, application-code: 148ms)
 GET /api/products?page=7 200 in 152ms (next.js: 5ms, application-code: 147ms)
 GET /store 200 in 203ms (next.js: 4ms, application-code: 198ms)
 GET /api/products?page=8 200 in 308ms (next.js: 3ms, application-code: 305ms)
 GET /api/wishlist 200 in 29ms (next.js: 8ms, application-code: 21ms)
 GET /api/cart 200 in 31ms (next.js: 15ms, application-code: 16ms)
 GET /api/wishlist 200 in 39ms (next.js: 29ms, application-code: 10ms)
 GET /api/cart 200 in 12ms (next.js: 3ms, application-code: 9ms)
 GET /api/categories 200 in 93ms (next.js: 16ms, application-code: 76ms)
 GET /api/products?page=1 200 in 164ms (next.js: 13ms, application-code: 151ms)
 GET /api/products?page=1&limit=12&sort=newest 200 in 181ms (next.js: 23ms, application-code: 158ms)
 GET /api/products?page=2 200 in 160ms (next.js: 4ms, application-code: 156ms)
 GET /api/products?page=3 200 in 152ms (next.js: 4ms, application-code: 148ms)
[browser] Image with src "/products/pants-ivory-boucle-knit.png" was detected as the Largest Contentful Paint (LCP). Please add the `loading="eager"` property if this image is above the fold.
Read more: https://nextjs.org/docs/app/api-reference/components/image#loading
 GET /api/products?page=4 200 in 154ms (next.js: 5ms, application-code: 149ms)
[browser] Image with src "/products/pants-chocolate-boucle-knit.png" was detected as the Largest Contentful Paint (LCP). Please add the `loading="eager"` property if this image is above the fold.
Read more: https://nextjs.org/docs/app/api-reference/components/image#loading
 GET /api/products?page=5 200 in 155ms (next.js: 3ms, application-code: 152ms)
 GET /api/products?page=6 200 in 154ms (next.js: 4ms, application-code: 150ms)
 GET /api/products?page=7 200 in 153ms (next.js: 3ms, application-code: 149ms)
 GET /api/products?page=8 200 in 281ms (next.js: 5ms, application-code: 276ms)
 GET /store/manikan-pants-007 200 in 149ms (next.js: 83ms, application-code: 66ms)
 GET /api/products?page=9 200 in 375ms (next.js: 4ms, application-code: 371ms)
 GET /api/products/manikan-pants-007 200 in 392ms (next.js: 106ms, application-code: 286ms)
 GET /api/products?page=10 200 in 171ms (next.js: 7ms, application-code: 164ms)
 GET /api/products/manikan-pants-007/reviews 200 in 448ms (next.js: 225ms, application-code: 223ms)
 GET /api/products/manikan-pants-007 200 in 237ms (next.js: 9ms, application-code: 229ms)
 GET /api/products?page=11 200 in 168ms (next.js: 13ms, application-code: 155ms)
 GET /api/products/manikan-pants-007/reviews 200 in 224ms (next.js: 8ms, application-code: 216ms)
 GET /store 200 in 142ms (next.js: 5ms, application-code: 137ms)
 GET /api/wishlist 200 in 28ms (next.js: 12ms, application-code: 17ms)
 GET /api/cart 200 in 35ms (next.js: 18ms, application-code: 17ms)
 GET /api/wishlist 200 in 25ms (next.js: 9ms, application-code: 16ms)
 GET /api/cart 200 in 27ms (next.js: 14ms, application-code: 12ms)
 GET /api/categories 200 in 99ms (next.js: 22ms, application-code: 77ms)
 GET /api/products?page=1 200 in 161ms (next.js: 10ms, application-code: 150ms)
 GET /api/products?page=1&limit=12&sort=newest 200 in 186ms (next.js: 30ms, application-code: 156ms)
 GET /api/products?page=2 200 in 153ms (next.js: 3ms, application-code: 151ms)
 GET /api/products?page=3 200 in 157ms (next.js: 4ms, application-code: 153ms)
 GET /api/products?page=4 200 in 155ms (next.js: 4ms, application-code: 151ms)
 GET /api/products?page=5 200 in 152ms (next.js: 4ms, application-code: 148ms)
 GET /api/products?page=6 200 in 149ms (next.js: 3ms, application-code: 147ms)
 GET /api/products?page=7 200 in 160ms (next.js: 5ms, application-code: 155ms)
 GET /api/products?page=8 200 in 164ms (next.js: 6ms, application-code: 159ms)
 GET /api/products?page=9 200 in 157ms (next.js: 5ms, application-code: 152ms)
 GET /api/products?page=10 200 in 155ms (next.js: 5ms, application-code: 151ms)
 GET /api/products?page=11 200 in 150ms (next.js: 3ms, application-code: 146ms)
 GET /store/manikan-pants-007 200 in 146ms (next.js: 81ms, application-code: 65ms)
 GET /api/products/manikan-pants-007 200 in 363ms (next.js: 93ms, application-code: 270ms)
 GET /api/products/manikan-pants-007/reviews 200 in 412ms (next.js: 203ms, application-code: 210ms)
 GET /api/products/manikan-pants-007 200 in 237ms (next.js: 16ms, application-code: 221ms)
 GET /api/products/manikan-pants-007/reviews 200 in 211ms (next.js: 5ms, application-code: 207ms)
 GET /store/manikan-pants-007 200 in 312ms (next.js: 102ms, application-code: 210ms)
 GET /api/wishlist 200 in 34ms (next.js: 13ms, application-code: 21ms)
 GET /api/cart 200 in 155ms (next.js: 22ms, application-code: 132ms)
 GET /api/wishlist 200 in 29ms (next.js: 10ms, application-code: 19ms)
 GET /api/cart 200 in 58ms (next.js: 37ms, application-code: 21ms)
 GET /api/products?page=1 200 in 1025ms (next.js: 20ms, application-code: 1005ms)
 GET /api/products/manikan-pants-007 200 in 1062ms (next.js: 113ms, application-code: 949ms)
 GET /api/products/manikan-pants-007/reviews 200 in 1059ms (next.js: 230ms, application-code: 830ms)
 GET /api/products?page=2 200 in 168ms (next.js: 4ms, application-code: 164ms)
 GET /api/products?page=3 200 in 158ms (next.js: 5ms, application-code: 153ms)
 GET /api/products?page=4 200 in 158ms (next.js: 4ms, application-code: 154ms)
 GET /api/products?page=5 200 in 169ms (next.js: 6ms, application-code: 163ms)
 GET /api/products?page=6 200 in 158ms (next.js: 5ms, application-code: 152ms)
 GET /api/products?page=7 200 in 152ms (next.js: 2ms, application-code: 150ms)
 GET /api/products?page=8 200 in 150ms (next.js: 2ms, application-code: 148ms)
 GET /api/products?page=9 200 in 267ms (next.js: 4ms, application-code: 263ms)
 GET /store 200 in 181ms (next.js: 5ms, application-code: 176ms)
 GET /api/products?page=10 200 in 156ms (next.js: 5ms, application-code: 151ms)
 GET /api/wishlist 200 in 12ms (next.js: 4ms, application-code: 8ms)
 GET /api/cart 200 in 22ms (next.js: 14ms, application-code: 7ms)
 GET /api/wishlist 200 in 37ms (next.js: 17ms, application-code: 20ms)
 GET /api/cart 200 in 35ms (next.js: 26ms, application-code: 9ms)
 GET /api/categories 200 in 100ms (next.js: 21ms, application-code: 79ms)
 GET /api/products?page=1 200 in 167ms (next.js: 11ms, application-code: 157ms)
 GET /api/products?page=1&limit=12&sort=newest 200 in 176ms (next.js: 27ms, application-code: 149ms)
 GET /api/products?page=2 200 in 185ms (next.js: 12ms, application-code: 173ms)
 GET /api/products?page=3 200 in 179ms (next.js: 17ms, application-code: 162ms)
[browser] Image with src "/products/pants-chocolate-boucle-knit.png" was detected as the Largest Contentful Paint (LCP). Please add the `loading="eager"` property if this image is above the fold.
Read more: https://nextjs.org/docs/app/api-reference/components/image#loading
 GET /api/products?page=4 200 in 218ms (next.js: 4ms, application-code: 214ms)
 GET /api/products?page=5 200 in 165ms (next.js: 4ms, application-code: 161ms)
 GET /api/products?page=6 200 in 160ms (next.js: 3ms, application-code: 156ms)
 GET /store/manikan-pants-007 200 in 163ms (next.js: 92ms, application-code: 72ms)
 GET /api/products?page=7 200 in 259ms (next.js: 6ms, application-code: 253ms)
 GET /api/products?page=8 200 in 260ms (next.js: 11ms, application-code: 250ms)
 GET /api/products/manikan-pants-007 200 in 367ms (next.js: 117ms, application-code: 250ms)
 GET /api/products/manikan-pants-007/reviews 200 in 293ms (next.js: 88ms, application-code: 205ms)
 GET /api/products?page=9 200 in 174ms (next.js: 7ms, application-code: 168ms)
 GET /api/products/manikan-pants-007 200 in 232ms (next.js: 5ms, application-code: 227ms)
 GET /api/products?page=10 200 in 167ms (next.js: 15ms, application-code: 152ms)
 GET /api/products/manikan-pants-007/reviews 200 in 241ms (next.js: 7ms, application-code: 234ms)
 GET /api/products?page=11 200 in 164ms (next.js: 4ms, application-code: 160ms)
 GET /store 200 in 172ms (next.js: 8ms, application-code: 164ms)
 GET /api/wishlist 200 in 35ms (next.js: 13ms, application-code: 22ms)
 GET /api/cart 200 in 67ms (next.js: 43ms, application-code: 24ms)
 GET /api/wishlist 200 in 46ms (next.js: 34ms, application-code: 11ms)
 GET /api/cart 200 in 51ms (next.js: 36ms, application-code: 14ms)
 GET /api/categories 200 in 106ms (next.js: 19ms, application-code: 87ms)
 GET /api/products?page=1 200 in 177ms (next.js: 14ms, application-code: 163ms)
 GET /api/products?page=1&limit=12&sort=newest 200 in 186ms (next.js: 26ms, application-code: 159ms)
 GET /api/products?page=2 200 in 196ms (next.js: 6ms, application-code: 190ms)
 GET /api/products?page=3 200 in 152ms (next.js: 4ms, application-code: 148ms)
 GET /api/products?page=4 200 in 157ms (next.js: 5ms, application-code: 153ms)
 GET /api/products?page=5 200 in 150ms (next.js: 2ms, application-code: 148ms)
 GET /api/products?page=6 200 in 155ms (next.js: 7ms, application-code: 149ms)
 GET /api/products?page=7 200 in 156ms (next.js: 4ms, application-code: 152ms)
 GET /api/products?page=8 200 in 162ms (next.js: 4ms, application-code: 158ms)
 GET /api/products?page=9 200 in 152ms (next.js: 4ms, application-code: 148ms)
 GET /api/products?page=10 200 in 158ms (next.js: 5ms, application-code: 153ms)
 GET /api/products?page=11 200 in 157ms (next.js: 7ms, application-code: 150ms)
 GET /store/manikan-pants-007 200 in 166ms (next.js: 90ms, application-code: 76ms)
 GET /api/products/manikan-pants-007 200 in 371ms (next.js: 113ms, application-code: 258ms)
 GET /api/products/manikan-pants-007/reviews 200 in 440ms (next.js: 227ms, application-code: 213ms)
 GET /api/products/manikan-pants-007 200 in 248ms (next.js: 12ms, application-code: 236ms)
 GET /api/products/manikan-pants-007/reviews 200 in 217ms (next.js: 5ms, application-code: 211ms)
 POST /api/widget/recommend 200 in 2.1s (next.js: 6ms, application-code: 2.1s)
 GET /store/manikan-pants-007 200 in 317ms (next.js: 110ms, application-code: 207ms)
 GET /api/wishlist 200 in 17ms (next.js: 5ms, application-code: 12ms)
 GET /api/cart 200 in 33ms (next.js: 21ms, application-code: 11ms)
 GET /api/wishlist 200 in 33ms (next.js: 8ms, application-code: 26ms)
 GET /api/cart 200 in 34ms (next.js: 15ms, application-code: 19ms)
 GET /api/products?page=1 200 in 660ms (next.js: 13ms, application-code: 648ms)
 GET /api/products?page=2 200 in 173ms (next.js: 4ms, application-code: 169ms)
 GET /api/products?page=3 200 in 162ms (next.js: 4ms, application-code: 158ms)
 GET /api/products/manikan-pants-007/reviews 200 in 1008ms (next.js: 195ms, application-code: 813ms)
 GET /api/products/manikan-pants-007 200 in 1163ms (next.js: 97ms, application-code: 1066ms)
 GET /api/products?page=4 200 in 161ms (next.js: 4ms, application-code: 158ms)
 GET /api/products?page=5 200 in 166ms (next.js: 6ms, application-code: 160ms)
 GET /api/products?page=6 200 in 161ms (next.js: 7ms, application-code: 154ms)
 GET /api/products?page=7 200 in 160ms (next.js: 9ms, application-code: 151ms)
 GET /api/products?page=8 200 in 157ms (next.js: 4ms, application-code: 153ms)
 GET /api/products?page=9 200 in 154ms (next.js: 4ms, application-code: 150ms)
 GET /api/products?page=10 200 in 152ms (next.js: 4ms, application-code: 149ms)
 GET /api/products?page=11 200 in 147ms (next.js: 3ms, application-code: 144ms)
 POST /api/widget/recommend 200 in 2.0s (next.js: 5ms, application-code: 2.0s)
 POST /api/widget/recommend 200 in 2.4s (next.js: 4ms, application-code: 2.4s)
 GET /store/manikan-pants-f009 200 in 162ms (next.js: 97ms, application-code: 65ms)
 GET /api/products/manikan-pants-f009/reviews 200 in 966ms (next.js: 133ms, application-code: 833ms)
 GET /api/products/manikan-pants-f009 200 in 1120ms (next.js: 103ms, application-code: 1017ms)
 GET /api/products/manikan-pants-f009/reviews 200 in 222ms (next.js: 7ms, application-code: 215ms)
 GET /api/products/manikan-pants-f009 200 in 229ms (next.js: 5ms, application-code: 223ms)
 POST /api/widget/recommend 200 in 2.4s (next.js: 3ms, application-code: 2.4s)
 GET /store 200 in 176ms (next.js: 7ms, application-code: 169ms)
 GET /api/wishlist 200 in 28ms (next.js: 15ms, application-code: 14ms)
 GET /api/cart 200 in 26ms (next.js: 15ms, application-code: 12ms)
 GET /api/wishlist 200 in 22ms (next.js: 14ms, application-code: 8ms)
 GET /api/cart 200 in 33ms (next.js: 18ms, application-code: 15ms)
 GET /api/categories 200 in 101ms (next.js: 16ms, application-code: 85ms)
 GET /api/products?page=1 200 in 535ms (next.js: 8ms, application-code: 527ms)
 GET /api/products?page=2 200 in 160ms (next.js: 4ms, application-code: 157ms)
 GET /api/products?page=1&limit=12&sort=newest 200 in 494ms (next.js: 13ms, application-code: 481ms)
 GET /api/products?page=3 200 in 165ms (next.js: 4ms, application-code: 161ms)
 GET /api/products?page=4 200 in 275ms (next.js: 92ms, application-code: 183ms)
[browser] Image with src "/products/pants-chocolate-boucle-knit.png" was detected as the Largest Contentful Paint (LCP). Please add the `loading="eager"` property if this image is above the fold.
Read more: https://nextjs.org/docs/app/api-reference/components/image#loading
 GET /api/products?page=5 200 in 187ms (next.js: 20ms, application-code: 167ms)
 GET /api/products?page=6 200 in 174ms (next.js: 9ms, application-code: 164ms)
 GET /api/products?page=7 200 in 173ms (next.js: 7ms, application-code: 166ms)
 GET /api/products?page=8 200 in 176ms (next.js: 8ms, application-code: 169ms)
 GET /api/products?page=9 200 in 187ms (next.js: 17ms, application-code: 170ms)
 GET /api/products?page=10 200 in 168ms (next.js: 9ms, application-code: 159ms)
 GET /api/products?page=11 200 in 155ms (next.js: 3ms, application-code: 152ms)
 GET /api/products?page=1&limit=12&category=women-skirt&sort=newest 200 in 164ms (next.js: 5ms, application-code: 159ms)
 GET /store/leather-look-skirt-p085 200 in 189ms (next.js: 94ms, application-code: 96ms)
 GET /api/products/leather-look-skirt-p085/reviews 200 in 618ms (next.js: 117ms, application-code: 501ms)
 GET /api/products/leather-look-skirt-p085 200 in 754ms (next.js: 98ms, application-code: 656ms)
 GET /api/products/leather-look-skirt-p085/reviews 200 in 225ms (next.js: 8ms, application-code: 217ms)
 GET /api/products/leather-look-skirt-p085 200 in 234ms (next.js: 6ms, application-code: 228ms)
 POST /api/widget/recommend 200 in 557ms (next.js: 5ms, application-code: 552ms)
 POST /api/widget/recommend 200 in 937ms (next.js: 4ms, application-code: 933ms)
 POST /api/widget/recommend 200 in 804ms (next.js: 4ms, application-code: 800ms)
 GET /store/manikan-pants-007 200 in 261ms (next.js: 102ms, application-code: 159ms)
 GET /api/wishlist 200 in 23ms (next.js: 6ms, application-code: 16ms)
 GET /api/cart 200 in 30ms (next.js: 11ms, application-code: 19ms)
 GET /api/wishlist 200 in 18ms (next.js: 10ms, application-code: 8ms)
 GET /api/cart 200 in 34ms (next.js: 20ms, application-code: 14ms)
 GET /api/products?page=1 200 in 1089ms (next.js: 237ms, application-code: 852ms)
 GET /api/products/manikan-pants-007 200 in 1096ms (next.js: 103ms, application-code: 992ms)
 GET /api/products/manikan-pants-007/reviews 200 in 1124ms (next.js: 224ms, application-code: 901ms)
 GET /api/products?page=2 200 in 158ms (next.js: 4ms, application-code: 154ms)
 GET /api/products?page=3 200 in 158ms (next.js: 6ms, application-code: 152ms)
 GET /api/products?page=4 200 in 156ms (next.js: 4ms, application-code: 153ms)
 GET /api/products?page=5 200 in 155ms (next.js: 3ms, application-code: 152ms)
 GET /api/products?page=6 200 in 156ms (next.js: 4ms, application-code: 152ms)
 GET /api/products?page=7 200 in 161ms (next.js: 4ms, application-code: 157ms)
 GET /api/products?page=8 200 in 153ms (next.js: 3ms, application-code: 150ms)
 GET /api/products?page=9 200 in 154ms (next.js: 5ms, application-code: 149ms)
 GET /api/products?page=10 200 in 153ms (next.js: 4ms, application-code: 149ms)
 GET /api/products?page=11 200 in 151ms (next.js: 4ms, application-code: 146ms)
 POST /api/widget/recommend 200 in 2.0s (next.js: 3ms, application-code: 2.0s)
 POST /api/widget/recommend 200 in 2.7s (next.js: 4ms, application-code: 2.7s)
✓ Compiled in 481ms
 GET /store/leather-look-skirt-p085 200 in 262ms (next.js: 97ms, application-code: 165ms)
 GET /api/wishlist 200 in 147ms (next.js: 13ms, application-code: 134ms)
 GET /api/cart 200 in 152ms (next.js: 144ms, application-code: 8ms)
 GET /api/cart 200 in 42ms (next.js: 14ms, application-code: 28ms)
 GET /api/wishlist 200 in 24ms (next.js: 11ms, application-code: 13ms)
 GET /api/products/leather-look-skirt-p085 200 in 1173ms (next.js: 108ms, application-code: 1065ms)
 GET /api/products/leather-look-skirt-p085/reviews 200 in 1049ms (next.js: 121ms, application-code: 928ms)
 GET /api/products?page=1 200 in 939ms (next.js: 5ms, application-code: 934ms)
 GET /api/products?page=2 200 in 212ms (next.js: 5ms, application-code: 206ms)
 GET /api/products?page=3 200 in 224ms (next.js: 19ms, application-code: 205ms)
 GET /api/products?page=4 200 in 234ms (next.js: 20ms, application-code: 213ms)
 GET /api/products?page=5 200 in 173ms (next.js: 6ms, application-code: 167ms)
 GET /api/products?page=6 200 in 162ms (next.js: 3ms, application-code: 159ms)
 GET /api/products?page=7 200 in 172ms (next.js: 5ms, application-code: 166ms)
 GET /api/products?page=8 200 in 184ms (next.js: 13ms, application-code: 171ms)
 GET /api/products?page=9 200 in 160ms (next.js: 4ms, application-code: 155ms)
 GET /api/products?page=10 200 in 163ms (next.js: 6ms, application-code: 157ms)
 GET /api/products?page=11 200 in 154ms (next.js: 3ms, application-code: 151ms)
 GET /store 200 in 161ms (next.js: 5ms, application-code: 155ms)
 GET /api/wishlist 200 in 30ms (next.js: 11ms, application-code: 19ms)
 GET /api/cart 200 in 33ms (next.js: 12ms, application-code: 21ms)
 GET /api/wishlist 200 in 32ms (next.js: 14ms, application-code: 18ms)
 GET /api/cart 200 in 53ms (next.js: 29ms, application-code: 24ms)
 GET /api/categories 200 in 95ms (next.js: 6ms, application-code: 89ms)
 GET /api/products?page=1 200 in 229ms (next.js: 26ms, application-code: 203ms)
 GET /api/products?page=1&limit=12&sort=newest 200 in 187ms (next.js: 13ms, application-code: 174ms)
 GET /api/products?page=2 200 in 166ms (next.js: 12ms, application-code: 153ms)
 GET /api/products?page=3 200 in 178ms (next.js: 9ms, application-code: 169ms)
 GET /api/products?page=4 200 in 166ms (next.js: 11ms, application-code: 155ms)
 GET /api/products?page=5 200 in 165ms (next.js: 4ms, application-code: 161ms)
 GET /api/products?page=6 200 in 166ms (next.js: 8ms, application-code: 158ms)
 GET /api/products?page=7 200 in 167ms (next.js: 12ms, application-code: 155ms)
 GET /api/products?page=8 200 in 166ms (next.js: 8ms, application-code: 158ms)
 GET /api/products?page=9 200 in 158ms (next.js: 6ms, application-code: 152ms)
 GET /api/products?page=10 200 in 161ms (next.js: 8ms, application-code: 153ms)
 GET /api/products?page=11 200 in 151ms (next.js: 5ms, application-code: 147ms)
 GET /store/manikan-pants-007 200 in 152ms (next.js: 85ms, application-code: 67ms)
 GET /api/products/manikan-pants-007 200 in 419ms (next.js: 106ms, application-code: 313ms)
 GET /api/products/manikan-pants-007/reviews 200 in 342ms (next.js: 113ms, application-code: 229ms)
 GET /api/products/manikan-pants-007 200 in 244ms (next.js: 15ms, application-code: 230ms)
 GET /api/products/manikan-pants-007/reviews 200 in 216ms (next.js: 7ms, application-code: 209ms)
 POST /api/widget/recommend 200 in 700ms (next.js: 117ms, application-code: 582ms)
 POST /api/widget/recommend 200 in 511ms (next.js: 4ms, application-code: 506ms)
 POST /api/widget/recommend 200 in 931ms (next.js: 5ms, application-code: 925ms)
 POST /api/widget/recommend 200 in 879ms (next.js: 4ms, application-code: 875ms)
 POST /api/widget/recommend 200 in 877ms (next.js: 3ms, application-code: 873ms)
 POST /api/widget/recommend 200 in 898ms (next.js: 3ms, application-code: 896ms)
 POST /api/widget/recommend 200 in 502ms (next.js: 3ms, application-code: 499ms)
 POST /api/widget/recommend 200 in 883ms (next.js: 3ms, application-code: 880ms)
 POST /api/widget/recommend 200 in 899ms (next.js: 4ms, application-code: 895ms)
 POST /api/widget/recommend 200 in 810ms (next.js: 3ms, application-code: 807ms)
 POST /api/measurement-sessions 201 in 517ms (next.js: 4ms, application-code: 512ms)
 POST /api/widget/recommend 200 in 879ms (next.js: 5ms, application-code: 874ms)
 POST /api/widget/recommend 200 in 896ms (next.js: 15ms, application-code: 881ms)
 GET /store 200 in 166ms (next.js: 3ms, application-code: 163ms)
 GET /api/wishlist 200 in 17ms (next.js: 5ms, application-code: 11ms)
 GET /api/cart 200 in 15ms (next.js: 5ms, application-code: 9ms)
 GET /api/wishlist 200 in 23ms (next.js: 6ms, application-code: 16ms)
 GET /api/cart 200 in 24ms (next.js: 12ms, application-code: 12ms)
 GET /api/categories 200 in 396ms (next.js: 10ms, application-code: 385ms)
 GET /api/products?page=1&limit=12&sort=newest 200 in 492ms (next.js: 19ms, application-code: 473ms)
 GET /api/products?page=1 200 in 891ms (next.js: 8ms, application-code: 883ms)
 GET /api/products?page=2 200 in 196ms (next.js: 21ms, application-code: 175ms)
[browser] Image with src "/products/pants-ivory-boucle-knit.png" was detected as the Largest Contentful Paint (LCP). Please add the `loading="eager"` property if this image is above the fold.
Read more: https://nextjs.org/docs/app/api-reference/components/image#loading
 GET /api/products?page=3 200 in 196ms (next.js: 9ms, application-code: 187ms)
 GET /api/products?page=4 200 in 177ms (next.js: 7ms, application-code: 170ms)
 GET /api/products?page=5 200 in 165ms (next.js: 3ms, application-code: 162ms)
 GET /api/products?page=6 200 in 165ms (next.js: 3ms, application-code: 162ms)
 GET /api/products?page=7 200 in 161ms (next.js: 4ms, application-code: 157ms)
 GET /api/products?page=8 200 in 170ms (next.js: 9ms, application-code: 161ms)
 GET /api/products?page=9 200 in 183ms (next.js: 5ms, application-code: 178ms)
 GET /api/products?page=10 200 in 195ms (next.js: 12ms, application-code: 183ms)
 GET /api/products?page=11 200 in 159ms (next.js: 6ms, application-code: 153ms)
 GET /store/manikan-pants-007 200 in 141ms (next.js: 83ms, application-code: 59ms)
 GET /api/products/manikan-pants-007 200 in 1256ms (next.js: 104ms, application-code: 1152ms)
 GET /api/products/manikan-pants-007/reviews 200 in 1106ms (next.js: 212ms, application-code: 894ms)
 GET /api/products/manikan-pants-007 200 in 311ms (next.js: 7ms, application-code: 304ms)
 GET /api/products/manikan-pants-007/reviews 200 in 307ms (next.js: 9ms, application-code: 297ms)
 POST /api/widget/recommend 200 in 805ms (next.js: 5ms, application-code: 801ms)
 GET /store 200 in 152ms (next.js: 4ms, application-code: 148ms)
 GET /api/wishlist 200 in 17ms (next.js: 6ms, application-code: 12ms)
 GET /api/cart 200 in 19ms (next.js: 7ms, application-code: 12ms)
 GET /api/wishlist 200 in 29ms (next.js: 17ms, application-code: 11ms)
 GET /api/cart 200 in 55ms (next.js: 31ms, application-code: 23ms)
 GET /api/categories 200 in 457ms (next.js: 9ms, application-code: 448ms)
 GET /api/products?page=1 200 in 583ms (next.js: 7ms, application-code: 576ms)
 GET /api/products?page=2 200 in 196ms (next.js: 20ms, application-code: 177ms)
 GET /api/products?page=1&limit=12&sort=newest 200 in 854ms (next.js: 4ms, application-code: 850ms)
 GET /api/products?page=3 200 in 189ms (next.js: 3ms, application-code: 186ms)
 GET /api/products?page=4 200 in 180ms (next.js: 5ms, application-code: 176ms)
 GET /api/products?page=5 200 in 252ms (next.js: 12ms, application-code: 240ms)
 GET /api/products?page=6 200 in 187ms (next.js: 7ms, application-code: 180ms)
[browser] Image with src "/products/pants-ivory-boucle-knit.png" was detected as the Largest Contentful Paint (LCP). Please add the `loading="eager"` property if this image is above the fold.
Read more: https://nextjs.org/docs/app/api-reference/components/image#loading
 GET /api/products?page=7 200 in 187ms (next.js: 6ms, application-code: 181ms)
 GET /api/products?page=8 200 in 176ms (next.js: 8ms, application-code: 168ms)
 GET /api/products?page=9 200 in 161ms (next.js: 4ms, application-code: 158ms)
 GET /api/products?page=10 200 in 179ms (next.js: 4ms, application-code: 175ms)
 GET /api/products?page=11 200 in 192ms (next.js: 11ms, application-code: 181ms)
 POST /api/widget/recommend 200 in 1657ms (next.js: 3ms, application-code: 1654ms)
 POST /api/widget/recommend 200 in 2.0s (next.js: 3ms, application-code: 2.0s)
 GET /api/products?category=blouse 200 in 475ms (next.js: 4ms, application-code: 471ms)
 POST /api/widget/recommend 200 in 34.3s (next.js: 3ms, application-code: 34.2s)
 POST /api/widget/recommend 200 in 2.0s (next.js: 5ms, application-code: 2.0s)
 GET /store/long-sleeve-jersey-blouse-p090?open_sizing=true 200 in 401ms (next.js: 118ms, application-code: 283ms)
 GET /api/wishlist 200 in 323ms (next.js: 31ms, application-code: 292ms)
 GET /api/cart 200 in 330ms (next.js: 41ms, application-code: 289ms)
 GET /api/wishlist 200 in 56ms (next.js: 18ms, application-code: 38ms)
 GET /api/cart 200 in 61ms (next.js: 33ms, application-code: 29ms)
 GET /api/products?page=1 200 in 1054ms (next.js: 219ms, application-code: 835ms)
 GET /api/products/long-sleeve-jersey-blouse-p090 200 in 1174ms (next.js: 185ms, application-code: 989ms)
 GET /api/products/long-sleeve-jersey-blouse-p090/reviews 200 in 859ms (next.js: 237ms, application-code: 622ms)
 GET /api/products?page=2 200 in 197ms (next.js: 12ms, application-code: 185ms)
 GET /api/products?page=3 200 in 179ms (next.js: 9ms, application-code: 170ms)
 GET /api/products?page=4 200 in 167ms (next.js: 8ms, application-code: 159ms)
 GET /api/products?page=5 200 in 175ms (next.js: 8ms, application-code: 167ms)
 GET /api/products?page=6 200 in 172ms (next.js: 7ms, application-code: 166ms)
 GET /api/products?page=7 200 in 195ms (next.js: 10ms, application-code: 185ms)
 GET /api/products?page=8 200 in 182ms (next.js: 10ms, application-code: 173ms)
 GET /api/products?page=9 200 in 159ms (next.js: 7ms, application-code: 152ms)
 GET /api/products?page=10 200 in 156ms (next.js: 5ms, application-code: 151ms)
 GET /api/products?page=11 200 in 158ms (next.js: 8ms, application-code: 150ms)
 GET /store 200 in 153ms (next.js: 6ms, application-code: 148ms)
 GET /api/wishlist 200 in 16ms (next.js: 5ms, application-code: 11ms)
 GET /api/cart 200 in 12ms (next.js: 3ms, application-code: 9ms)
 GET /api/wishlist 200 in 12ms (next.js: 4ms, application-code: 8ms)
 GET /api/cart 200 in 26ms (next.js: 17ms, application-code: 9ms)
 GET /api/categories 200 in 523ms (next.js: 4ms, application-code: 519ms)
 GET /api/products?page=1&limit=12&sort=newest 200 in 605ms (next.js: 3ms, application-code: 602ms)
 GET /api/products?page=1 200 in 876ms (next.js: 4ms, application-code: 872ms)
 GET /api/products?page=2 200 in 184ms (next.js: 11ms, application-code: 174ms)
 GET /api/products?page=3 200 in 199ms (next.js: 15ms, application-code: 184ms)
 GET /api/products?page=4 200 in 182ms (next.js: 15ms, application-code: 167ms)
 GET /api/products?page=5 200 in 167ms (next.js: 3ms, application-code: 164ms)
 GET /api/products?page=6 200 in 162ms (next.js: 4ms, application-code: 158ms)
 GET /api/products?page=7 200 in 156ms (next.js: 3ms, application-code: 153ms)
 GET /api/products?page=8 200 in 164ms (next.js: 3ms, application-code: 161ms)
 GET /api/products?page=9 200 in 179ms (next.js: 8ms, application-code: 171ms)
 GET /api/products?page=10 200 in 159ms (next.js: 3ms, application-code: 156ms)
 GET /api/products?page=11 200 in 155ms (next.js: 4ms, application-code: 151ms)
 POST /api/widget/recommend 200 in 1995ms (next.js: 4ms, application-code: 1991ms)
 GET /api/products?category=blouse 200 in 468ms (next.js: 4ms, application-code: 464ms)
 GET /store/long-sleeve-jersey-blouse-p090?open_sizing=true 200 in 212ms (next.js: 81ms, application-code: 131ms)
 GET /api/wishlist 200 in 24ms (next.js: 6ms, application-code: 18ms)
 GET /api/cart 200 in 26ms (next.js: 12ms, application-code: 13ms)
 GET /api/wishlist 200 in 46ms (next.js: 15ms, application-code: 31ms)
 GET /api/cart 200 in 47ms (next.js: 22ms, application-code: 26ms)
 GET /api/products?page=1 200 in 307ms (next.js: 14ms, application-code: 293ms)
 GET /api/products?page=2 200 in 161ms (next.js: 4ms, application-code: 156ms)
 GET /api/products/long-sleeve-jersey-blouse-p090 200 in 690ms (next.js: 114ms, application-code: 576ms)
 GET /api/products/long-sleeve-jersey-blouse-p090/reviews 200 in 705ms (next.js: 203ms, application-code: 502ms)
 GET /api/products?page=3 200 in 194ms (next.js: 6ms, application-code: 188ms)
 GET /api/products?page=4 200 in 160ms (next.js: 3ms, application-code: 156ms)
 GET /api/products?page=5 200 in 155ms (next.js: 2ms, application-code: 153ms)
 GET /api/products?page=6 200 in 160ms (next.js: 4ms, application-code: 156ms)
 GET /api/products?page=7 200 in 160ms (next.js: 4ms, application-code: 156ms)
 GET /api/products?page=8 200 in 161ms (next.js: 6ms, application-code: 155ms)
 GET /api/products?page=9 200 in 155ms (next.js: 4ms, application-code: 151ms)
 GET /api/products?page=10 200 in 155ms (next.js: 3ms, application-code: 151ms)
 GET /api/products?page=11 200 in 151ms (next.js: 3ms, application-code: 148ms)
 POST /api/widget/recommend 200 in 543ms (next.js: 6ms, application-code: 537ms)
 POST /api/widget/recommend 200 in 549ms (next.js: 5ms, application-code: 544ms)
 POST /api/widget/recommend 200 in 863ms (next.js: 3ms, application-code: 860ms)
 POST /api/measurement-sessions 201 in 462ms (next.js: 7ms, application-code: 454ms)
 POST /api/widget/recommend 200 in 848ms (next.js: 3ms, application-code: 845ms)
 POST /api/widget/recommend 200 in 839ms (next.js: 3ms, application-code: 836ms)
 POST /api/widget/recommend 200 in 820ms (next.js: 3ms, application-code: 817ms)
 POST /api/measurement-sessions 201 in 467ms (next.js: 4ms, application-code: 463ms)
